12:12:02 **** Incremental Build of configuration Debug for project Home1_UART ****
make -j4 all 
arm-none-eabi-size  Home1_UART.elf 
   text	   data	    bss	    dec	    hex	filename
  22568	    340	   3812	  26720	   6860	Home1_UART.elf
Finished building: default.size.stdout
 
12:12:04 **** Incremental Build of configuration Debug for project Home1_UART ****
make -j4 all 
arm-none-eabi-size  Home1_UART.elf 
   text	   data	    bss	    dec	    hex	filename
  22568	    340	   3812	  26720	   6860	Home1_UART.elf
Finished building: default.size.stdout
 
