Archive member included to satisfy reference by file (symbol)

D:/my_programm/STM/STM32CubeIDE_1.17.0/STM32CubeIDE/plugins/com.st.stm32cube.ide.mcu.externaltools.gnu-tools-for-stm32.13.3.rel1.win32_1.0.0.202411081344/tools/bin/../lib/gcc/arm-none-eabi/13.3.1/../../../../arm-none-eabi/lib/thumb/v7e-m+dp/hard\libc_nano.a(libc_a-exit.o)
                              D:/my_programm/STM/STM32CubeIDE_1.17.0/STM32CubeIDE/plugins/com.st.stm32cube.ide.mcu.externaltools.gnu-tools-for-stm32.13.3.rel1.win32_1.0.0.202411081344/tools/bin/../lib/gcc/arm-none-eabi/13.3.1/../../../../arm-none-eabi/lib/thumb/v7e-m+dp/hard/crt0.o (exit)
D:/my_programm/STM/STM32CubeIDE_1.17.0/STM32CubeIDE/plugins/com.st.stm32cube.ide.mcu.externaltools.gnu-tools-for-stm32.13.3.rel1.win32_1.0.0.202411081344/tools/bin/../lib/gcc/arm-none-eabi/13.3.1/../../../../arm-none-eabi/lib/thumb/v7e-m+dp/hard\libc_nano.a(libc_a-findfp.o)
                              D:/my_programm/STM/STM32CubeIDE_1.17.0/STM32CubeIDE/plugins/com.st.stm32cube.ide.mcu.externaltools.gnu-tools-for-stm32.13.3.rel1.win32_1.0.0.202411081344/tools/bin/../lib/gcc/arm-none-eabi/13.3.1/../../../../arm-none-eabi/lib/thumb/v7e-m+dp/hard\libc_nano.a(libc_a-exit.o) (__stdio_exit_handler)
D:/my_programm/STM/STM32CubeIDE_1.17.0/STM32CubeIDE/plugins/com.st.stm32cube.ide.mcu.externaltools.gnu-tools-for-stm32.13.3.rel1.win32_1.0.0.202411081344/tools/bin/../lib/gcc/arm-none-eabi/13.3.1/../../../../arm-none-eabi/lib/thumb/v7e-m+dp/hard\libc_nano.a(libc_a-fwalk.o)
                              D:/my_programm/STM/STM32CubeIDE_1.17.0/STM32CubeIDE/plugins/com.st.stm32cube.ide.mcu.externaltools.gnu-tools-for-stm32.13.3.rel1.win32_1.0.0.202411081344/tools/bin/../lib/gcc/arm-none-eabi/13.3.1/../../../../arm-none-eabi/lib/thumb/v7e-m+dp/hard\libc_nano.a(libc_a-findfp.o) (_fwalk_sglue)
D:/my_programm/STM/STM32CubeIDE_1.17.0/STM32CubeIDE/plugins/com.st.stm32cube.ide.mcu.externaltools.gnu-tools-for-stm32.13.3.rel1.win32_1.0.0.202411081344/tools/bin/../lib/gcc/arm-none-eabi/13.3.1/../../../../arm-none-eabi/lib/thumb/v7e-m+dp/hard\libc_nano.a(libc_a-stdio.o)
                              D:/my_programm/STM/STM32CubeIDE_1.17.0/STM32CubeIDE/plugins/com.st.stm32cube.ide.mcu.externaltools.gnu-tools-for-stm32.13.3.rel1.win32_1.0.0.202411081344/tools/bin/../lib/gcc/arm-none-eabi/13.3.1/../../../../arm-none-eabi/lib/thumb/v7e-m+dp/hard\libc_nano.a(libc_a-findfp.o) (__sread)
D:/my_programm/STM/STM32CubeIDE_1.17.0/STM32CubeIDE/plugins/com.st.stm32cube.ide.mcu.externaltools.gnu-tools-for-stm32.13.3.rel1.win32_1.0.0.202411081344/tools/bin/../lib/gcc/arm-none-eabi/13.3.1/../../../../arm-none-eabi/lib/thumb/v7e-m+dp/hard\libc_nano.a(libc_a-memset.o)
                              D:/my_programm/STM/STM32CubeIDE_1.17.0/STM32CubeIDE/plugins/com.st.stm32cube.ide.mcu.externaltools.gnu-tools-for-stm32.13.3.rel1.win32_1.0.0.202411081344/tools/bin/../lib/gcc/arm-none-eabi/13.3.1/../../../../arm-none-eabi/lib/thumb/v7e-m+dp/hard/crt0.o (memset)
D:/my_programm/STM/STM32CubeIDE_1.17.0/STM32CubeIDE/plugins/com.st.stm32cube.ide.mcu.externaltools.gnu-tools-for-stm32.13.3.rel1.win32_1.0.0.202411081344/tools/bin/../lib/gcc/arm-none-eabi/13.3.1/../../../../arm-none-eabi/lib/thumb/v7e-m+dp/hard\libc_nano.a(libc_a-closer.o)
                              D:/my_programm/STM/STM32CubeIDE_1.17.0/STM32CubeIDE/plugins/com.st.stm32cube.ide.mcu.externaltools.gnu-tools-for-stm32.13.3.rel1.win32_1.0.0.202411081344/tools/bin/../lib/gcc/arm-none-eabi/13.3.1/../../../../arm-none-eabi/lib/thumb/v7e-m+dp/hard\libc_nano.a(libc_a-stdio.o) (_close_r)
D:/my_programm/STM/STM32CubeIDE_1.17.0/STM32CubeIDE/plugins/com.st.stm32cube.ide.mcu.externaltools.gnu-tools-for-stm32.13.3.rel1.win32_1.0.0.202411081344/tools/bin/../lib/gcc/arm-none-eabi/13.3.1/../../../../arm-none-eabi/lib/thumb/v7e-m+dp/hard\libc_nano.a(libc_a-reent.o)
                              D:/my_programm/STM/STM32CubeIDE_1.17.0/STM32CubeIDE/plugins/com.st.stm32cube.ide.mcu.externaltools.gnu-tools-for-stm32.13.3.rel1.win32_1.0.0.202411081344/tools/bin/../lib/gcc/arm-none-eabi/13.3.1/../../../../arm-none-eabi/lib/thumb/v7e-m+dp/hard\libc_nano.a(libc_a-closer.o) (errno)
D:/my_programm/STM/STM32CubeIDE_1.17.0/STM32CubeIDE/plugins/com.st.stm32cube.ide.mcu.externaltools.gnu-tools-for-stm32.13.3.rel1.win32_1.0.0.202411081344/tools/bin/../lib/gcc/arm-none-eabi/13.3.1/../../../../arm-none-eabi/lib/thumb/v7e-m+dp/hard\libc_nano.a(libc_a-impure.o)
                              D:/my_programm/STM/STM32CubeIDE_1.17.0/STM32CubeIDE/plugins/com.st.stm32cube.ide.mcu.externaltools.gnu-tools-for-stm32.13.3.rel1.win32_1.0.0.202411081344/tools/bin/../lib/gcc/arm-none-eabi/13.3.1/../../../../arm-none-eabi/lib/thumb/v7e-m+dp/hard\libc_nano.a(libc_a-reent.o) (_impure_ptr)
[...]
Memory Configuration

Name             Origin             Length             Attributes
RAM              0x20000000         0x00080000         xrw
FLASH            0x08000000         0x00200000         xr
*default*        0x00000000         0xffffffff

Linker script and memory map

LOAD D:/my_programm/STM/STM32CubeIDE_1.17.0/STM32CubeIDE/plugins/com.st.stm32cube.ide.mcu.externaltools.gnu-tools-for-stm32.13.3.rel1.win32_1.0.0.202411081344/tools/bin/../lib/gcc/arm-none-eabi/13.3.1/thumb/v7e-m+dp/hard/crti.o
LOAD D:/my_programm/STM/STM32CubeIDE_1.17.0/STM32CubeIDE/plugins/com.st.stm32cube.ide.mcu.externaltools.gnu-tools-for-stm32.13.3.rel1.win32_1.0.0.202411081344/tools/bin/../lib/gcc/arm-none-eabi/13.3.1/thumb/v7e-m+dp/hard/crtbegin.o
LOAD D:/my_programm/STM/STM32CubeIDE_1.17.0/STM32CubeIDE/plugins/com.st.stm32cube.ide.mcu.externaltools.gnu-tools-for-stm32.13.3.rel1.win32_1.0.0.202411081344/tools/bin/../lib/gcc/arm-none-eabi/13.3.1/../../../../arm-none-eabi/lib/thumb/v7e-m+dp/hard/crt0.o
LOAD ./Core/Src/eth.o
LOAD ./Core/Src/gpio.o
LOAD ./Core/Src/main.o
LOAD ./Core/Src/stm32f7xx_hal_msp.o
LOAD ./Core/Src/stm32f7xx_hal_timebase_tim.o
LOAD ./Core/Src/stm32f7xx_it.o
LOAD ./Core/Src/syscalls.o
LOAD ./Core/Src/sysmem.o
LOAD ./Core/Src/system_stm32f7xx.o
LOAD ./Core/Src/usart.o
LOAD ./Core/Src/usb_otg.o
LOAD ./Core/Startup/startup_stm32f767zitx.o
LOAD ./Drivers/STM32F7xx_HAL_Driver/Src/stm32f7xx_hal.o
LOAD ./Drivers/STM32F7xx_HAL_Driver/Src/stm32f7xx_hal_cortex.o
LOAD ./Drivers/STM32F7xx_HAL_Driver/Src/stm32f7xx_hal_dma.o
LOAD ./Drivers/STM32F7xx_HAL_Driver/Src/stm32f7xx_hal_dma_ex.o
LOAD ./Drivers/STM32F7xx_HAL_Driver/Src/stm32f7xx_hal_eth.o
LOAD ./Drivers/STM32F7xx_HAL_Driver/Src/stm32f7xx_hal_exti.o
LOAD ./Drivers/STM32F7xx_HAL_Driver/Src/stm32f7xx_hal_flash.o
LOAD ./Drivers/STM32F7xx_HAL_Driver/Src/stm32f7xx_hal_flash_ex.o
LOAD ./Drivers/STM32F7xx_HAL_Driver/Src/stm32f7xx_hal_gpio.o
LOAD ./Drivers/STM32F7xx_HAL_Driver/Src/stm32f7xx_hal_i2c.o
LOAD ./Drivers/STM32F7xx_HAL_Driver/Src/stm32f7xx_hal_i2c_ex.o
LOAD ./Drivers/STM32F7xx_HAL_Driver/Src/stm32f7xx_hal_pcd.o
LOAD ./Drivers/STM32F7xx_HAL_Driver/Src/stm32f7xx_hal_pcd_ex.o
LOAD ./Drivers/STM32F7xx_HAL_Driver/Src/stm32f7xx_hal_pwr.o
LOAD ./Drivers/STM32F7xx_HAL_Driver/Src/stm32f7xx_hal_pwr_ex.o
LOAD ./Drivers/STM32F7xx_HAL_Driver/Src/stm32f7xx_hal_rcc.o
LOAD ./Drivers/STM32F7xx_HAL_Driver/Src/stm32f7xx_hal_rcc_ex.o
LOAD ./Drivers/STM32F7xx_HAL_Driver/Src/stm32f7xx_hal_tim.o
LOAD ./Drivers/STM32F7xx_HAL_Driver/Src/stm32f7xx_hal_tim_ex.o
LOAD ./Drivers/STM32F7xx_HAL_Driver/Src/stm32f7xx_hal_uart.o
LOAD ./Drivers/STM32F7xx_HAL_Driver/Src/stm32f7xx_hal_uart_ex.o
LOAD ./Drivers/STM32F7xx_HAL_Driver/Src/stm32f7xx_ll_usb.o
START GROUP
LOAD D:/my_programm/STM/STM32CubeIDE_1.17.0/STM32CubeIDE/plugins/com.st.stm32cube.ide.mcu.externaltools.gnu-tools-for-stm32.13.3.rel1.win32_1.0.0.202411081344/tools/bin/../lib/gcc/arm-none-eabi/13.3.1/../../../../arm-none-eabi/lib/thumb/v7e-m+dp/hard\libc_nano.a
LOAD D:/my_programm/STM/STM32CubeIDE_1.17.0/STM32CubeIDE/plugins/com.st.stm32cube.ide.mcu.externaltools.gnu-tools-for-stm32.13.3.rel1.win32_1.0.0.202411081344/tools/bin/../lib/gcc/arm-none-eabi/13.3.1/../../../../arm-none-eabi/lib/thumb/v7e-m+dp/hard\libm.a
END GROUP
START GROUP
LOAD D:/my_programm/STM/STM32CubeIDE_1.17.0/STM32CubeIDE/plugins/com.st.stm32cube.ide.mcu.externaltools.gnu-tools-for-stm32.13.3.rel1.win32_1.0.0.202411081344/tools/bin/../lib/gcc/arm-none-eabi/13.3.1/thumb/v7e-m+dp/hard\libgcc.a
LOAD D:/my_programm/STM/STM32CubeIDE_1.17.0/STM32CubeIDE/plugins/com.st.stm32cube.ide.mcu.externaltools.gnu-tools-for-stm32.13.3.rel1.win32_1.0.0.202411081344/tools/bin/../lib/gcc/arm-none-eabi/13.3.1/../../../../arm-none-eabi/lib/thumb/v7e-m+dp/hard\libc_nano.a
END GROUP
START GROUP
LOAD D:/my_programm/STM/STM32CubeIDE_1.17.0/STM32CubeIDE/plugins/com.st.stm32cube.ide.mcu.externaltools.gnu-tools-for-stm32.13.3.rel1.win32_1.0.0.202411081344/tools/bin/../lib/gcc/arm-none-eabi/13.3.1/thumb/v7e-m+dp/hard\libgcc.a
LOAD D:/my_programm/STM/STM32CubeIDE_1.17.0/STM32CubeIDE/plugins/com.st.stm32cube.ide.mcu.externaltools.gnu-tools-for-stm32.13.3.rel1.win32_1.0.0.202411081344/tools/bin/../lib/gcc/arm-none-eabi/13.3.1/../../../../arm-none-eabi/lib/thumb/v7e-m+dp/hard\libc_nano.a
LOAD D:/my_programm/STM/STM32CubeIDE_1.17.0/STM32CubeIDE/plugins/com.st.stm32cube.ide.mcu.externaltools.gnu-tools-for-stm32.13.3.rel1.win32_1.0.0.202411081344/tools/bin/../lib/gcc/arm-none-eabi/13.3.1/../../../../arm-none-eabi/lib/thumb/v7e-m+dp/hard\libnosys.a
END GROUP
START GROUP
LOAD D:/my_programm/STM/STM32CubeIDE_1.17.0/STM32CubeIDE/plugins/com.st.stm32cube.ide.mcu.externaltools.gnu-tools-for-stm32.13.3.rel1.win32_1.0.0.202411081344/tools/bin/../lib/gcc/arm-none-eabi/13.3.1/thumb/v7e-m+dp/hard\libgcc.a
LOAD D:/my_programm/STM/STM32CubeIDE_1.17.0/STM32CubeIDE/plugins/com.st.stm32cube.ide.mcu.externaltools.gnu-tools-for-stm32.13.3.rel1.win32_1.0.0.202411081344/tools/bin/../lib/gcc/arm-none-eabi/13.3.1/../../../../arm-none-eabi/lib/thumb/v7e-m+dp/hard\libc_nano.a
LOAD D:/my_programm/STM/STM32CubeIDE_1.17.0/STM32CubeIDE/plugins/com.st.stm32cube.ide.mcu.externaltools.gnu-tools-for-stm32.13.3.rel1.win32_1.0.0.202411081344/tools/bin/../lib/gcc/arm-none-eabi/13.3.1/../../../../arm-none-eabi/lib/thumb/v7e-m+dp/hard\libnosys.a
END GROUP
LOAD D:/my_programm/STM/STM32CubeIDE_1.17.0/STM32CubeIDE/plugins/com.st.stm32cube.ide.mcu.externaltools.gnu-tools-for-stm32.13.3.rel1.win32_1.0.0.202411081344/tools/bin/../lib/gcc/arm-none-eabi/13.3.1/thumb/v7e-m+dp/hard/crtend.o
LOAD D:/my_programm/STM/STM32CubeIDE_1.17.0/STM32CubeIDE/plugins/com.st.stm32cube.ide.mcu.externaltools.gnu-tools-for-stm32.13.3.rel1.win32_1.0.0.202411081344/tools/bin/../lib/gcc/arm-none-eabi/13.3.1/thumb/v7e-m+dp/hard/crtn.o
                0x20080000                        _estack = (ORIGIN (RAM) + LENGTH (RAM))
                0x00000400                        _Min_Heap_Size = 0x400
                0x00000400                        _Min_Stack_Size = 0x400

.isr_vector     0x08000000      0x1f8
                0x08000000                        . = ALIGN (0x4)
 *(.isr_vector)
 .isr_vector    0x08000000      0x1f8 ./Core/Startup/startup_stm32f767zitx.o
                0x08000000                g_pfnVectors
                0x080001f8                        . = ALIGN (0x4)

.text           0x080001f8     0x55e4
                0x080001f8                        . = ALIGN (0x4)
 *(.text)
 .text          0x080001f8       0x40 D:/my_programm/STM/STM32CubeIDE_1.17.0/STM32CubeIDE/plugins/com.st.stm32cube.ide.mcu.externaltools.gnu-tools-for-stm32.13.3.rel1.win32_1.0.0.202411081344/tools/bin/../lib/gcc/arm-none-eabi/13.3.1/thumb/v7e-m+dp/hard/crtbegin.o
 .text          0x08000238       0x10 D:/my_programm/STM/STM32CubeIDE_1.17.0/STM32CubeIDE/plugins/com.st.stm32cube.ide.mcu.externaltools.gnu-tools-for-stm32.13.3.rel1.win32_1.0.0.202411081344/tools/bin/../lib/gcc/arm-none-eabi/13.3.1/../../../../arm-none-eabi/lib/thumb/v7e-m+dp/hard\libc_nano.a(libc_a-strlen.o)
                0x08000238                strlen
 .text          0x08000248       0x30 D:/my_programm/STM/STM32CubeIDE_1.17.0/STM32CubeIDE/plugins/com.st.stm32cube.ide.mcu.externaltools.gnu-tools-for-stm32.13.3.rel1.win32_1.0.0.202411081344/tools/bin/../lib/gcc/arm-none-eabi/13.3.1/thumb/v7e-m+dp/hard\libgcc.a(_aeabi_uldivmod.o)
                0x08000248                __aeabi_uldivmod
 .text          0x08000278      0x2f8 D:/my_programm/STM/STM32CubeIDE_1.17.0/STM32CubeIDE/plugins/com.st.stm32cube.ide.mcu.externaltools.gnu-tools-for-stm32.13.3.rel1.win32_1.0.0.202411081344/tools/bin/../lib/gcc/arm-none-eabi/13.3.1/thumb/v7e-m+dp/hard\libgcc.a(_udivmoddi4.o)
                0x08000278                __udivmoddi4
 .text          0x08000570        0x4 D:/my_programm/STM/STM32CubeIDE_1.17.0/STM32CubeIDE/plugins/com.st.stm32cube.ide.mcu.externaltools.gnu-tools-for-stm32.13.3.rel1.win32_1.0.0.202411081344/tools/bin/../lib/gcc/arm-none-eabi/13.3.1/thumb/v7e-m+dp/hard\libgcc.a(_dvmd_tls.o)
                0x08000570                __aeabi_idiv0
                0x08000570                __aeabi_ldiv0
 *(.text*)
 .text.MX_ETH_Init
                0x08000574       0x9c ./Core/Src/eth.o
                0x08000574                MX_ETH_Init
 .text.HAL_ETH_MspInit
                0x08000610      0x170 ./Core/Src/eth.o
                0x08000610                HAL_ETH_MspInit
 .text.MX_GPIO_Init
                0x08000780      0x144 ./Core/Src/gpio.o
                0x08000780                MX_GPIO_Init
 .text.ledSwitch
                0x080008c4       0x64 ./Core/Src/main.o
                0x080008c4                ledSwitch
 .text.HAL_UART_RxCpltCallback
                0x08000928       0x74 ./Core/Src/main.o
                0x08000928                HAL_UART_RxCpltCallback
 .text.main     0x0800099c      0x164 ./Core/Src/main.o
                0x0800099c                main
 .text.SystemClock_Config
                0x08000b00       0xe0 ./Core/Src/main.o
                0x08000b00                SystemClock_Config
 .text.HAL_TIM_PeriodElapsedCallback
                0x08000be0       0x24 ./Core/Src/main.o
                0x08000be0                HAL_TIM_PeriodElapsedCallback
 .text.Error_Handler
                0x08000c04        0xc ./Core/Src/main.o
                0x08000c04                Error_Handler
 .text.HAL_MspInit
                0x08000c10       0x48 ./Core/Src/stm32f7xx_hal_msp.o
                0x08000c10                HAL_MspInit
 .text.HAL_InitTick
                0x08000c58       0xf4 ./Core/Src/stm32f7xx_hal_timebase_tim.o
                0x08000c58                HAL_InitTick
 .text.NMI_Handler
                0x08000d4c        0x8 ./Core/Src/stm32f7xx_it.o
                0x08000d4c                NMI_Handler
 .text.HardFault_Handler
                0x08000d54        0x8 ./Core/Src/stm32f7xx_it.o
                0x08000d54                HardFault_Handler
 .text.MemManage_Handler
                0x08000d5c        0x8 ./Core/Src/stm32f7xx_it.o
                0x08000d5c                MemManage_Handler
 .text.BusFault_Handler
                0x08000d64        0x8 ./Core/Src/stm32f7xx_it.o
                0x08000d64                BusFault_Handler
 .text.UsageFault_Handler
                0x08000d6c        0x8 ./Core/Src/stm32f7xx_it.o
                0x08000d6c                UsageFault_Handler
 .text.SVC_Handler
                0x08000d74        0xe ./Core/Src/stm32f7xx_it.o
                0x08000d74                SVC_Handler
 .text.DebugMon_Handler
                0x08000d82        0xe ./Core/Src/stm32f7xx_it.o
                0x08000d82                DebugMon_Handler
 .text.PendSV_Handler
                0x08000d90        0xe ./Core/Src/stm32f7xx_it.o
                0x08000d90                PendSV_Handler
 .text.SysTick_Handler
                0x08000d9e        0xe ./Core/Src/stm32f7xx_it.o
                0x08000d9e                SysTick_Handler
 .text.USART3_IRQHandler
                0x08000dac       0x14 ./Core/Src/stm32f7xx_it.o
                0x08000dac                USART3_IRQHandler
 .text.TIM6_DAC_IRQHandler
                0x08000dc0       0x14 ./Core/Src/stm32f7xx_it.o
                0x08000dc0                TIM6_DAC_IRQHandler
 .text.SystemInit
                0x08000dd4       0x24 ./Core/Src/system_stm32f7xx.o
                0x08000dd4                SystemInit
 .text.MX_USART3_UART_Init
                0x08000df8       0x60 ./Core/Src/usart.o
                0x08000df8                MX_USART3_UART_Init
 .text.HAL_UART_MspInit
                0x08000e58       0xd0 ./Core/Src/usart.o
                0x08000e58                HAL_UART_MspInit
 .text.MX_USB_OTG_FS_PCD_Init
                0x08000f28       0x5c ./Core/Src/usb_otg.o
                0x08000f28                MX_USB_OTG_FS_PCD_Init
 .text.HAL_PCD_MspInit
                0x08000f84       0xf4 ./Core/Src/usb_otg.o
                0x08000f84                HAL_PCD_MspInit
 .text.Reset_Handler
                0x08001078       0x50 ./Core/Startup/startup_stm32f767zitx.o
                0x08001078                Reset_Handler
 .text.Default_Handler
                0x080010c8        0x2 ./Core/Startup/startup_stm32f767zitx.o
                0x080010c8                RTC_Alarm_IRQHandler
                0x080010c8                EXTI2_IRQHandler
                0x080010c8                TIM8_CC_IRQHandler
                0x080010c8                UART8_IRQHandler
                0x080010c8                SPI4_IRQHandler
                0x080010c8                TIM1_CC_IRQHandler
                0x080010c8                DMA2_Stream5_IRQHandler
                0x080010c8                JPEG_IRQHandler
                0x080010c8                DMA1_Stream5_IRQHandler
                0x080010c8                CAN3_RX1_IRQHandler
                0x080010c8                PVD_IRQHandler
                0x080010c8                TAMP_STAMP_IRQHandler
                0x080010c8                CAN2_RX1_IRQHandler
                0x080010c8                EXTI3_IRQHandler
                0x080010c8                TIM8_TRG_COM_TIM14_IRQHandler
                0x080010c8                DFSDM1_FLT1_IRQHandler
                0x080010c8                TIM1_UP_TIM10_IRQHandler
                0x080010c8                TIM8_UP_TIM13_IRQHandler
                0x080010c8                I2C3_ER_IRQHandler
                0x080010c8                DFSDM1_FLT2_IRQHandler
                0x080010c8                EXTI0_IRQHandler
                0x080010c8                I2C2_EV_IRQHandler
                0x080010c8                DMA1_Stream2_IRQHandler
                0x080010c8                CAN1_RX0_IRQHandler
                0x080010c8                FPU_IRQHandler
                0x080010c8                OTG_HS_WKUP_IRQHandler
                0x080010c8                CAN3_SCE_IRQHandler
                0x080010c8                LTDC_ER_IRQHandler
                0x080010c8                CAN2_SCE_IRQHandler
                0x080010c8                DMA2_Stream2_IRQHandler
                0x080010c8                SPI1_IRQHandler
                0x080010c8                TIM1_BRK_TIM9_IRQHandler
                0x080010c8                DCMI_IRQHandler
                0x080010c8                CAN2_RX0_IRQHandler
                0x080010c8                DMA2_Stream3_IRQHandler
                0x080010c8                SAI2_IRQHandler
                0x080010c8                DFSDM1_FLT3_IRQHandler
                0x080010c8                USART6_IRQHandler
                0x080010c8                CAN3_RX0_IRQHandler
                0x080010c8                CAN1_RX1_IRQHandler
                0x080010c8                UART5_IRQHandler
                0x080010c8                DMA2_Stream0_IRQHandler
                0x080010c8                TIM4_IRQHandler
                0x080010c8                QUADSPI_IRQHandler
                0x080010c8                I2C1_EV_IRQHandler
                0x080010c8                DMA1_Stream6_IRQHandler
                0x080010c8                DMA1_Stream1_IRQHandler
                0x080010c8                UART4_IRQHandler
                0x080010c8                TIM3_IRQHandler
                0x080010c8                RCC_IRQHandler
                0x080010c8                TIM8_BRK_TIM12_IRQHandler
                0x080010c8                Default_Handler
                0x080010c8                CEC_IRQHandler
                0x080010c8                EXTI15_10_IRQHandler
                0x080010c8                ADC_IRQHandler
                0x080010c8                DMA1_Stream7_IRQHandler
                0x080010c8                SPI5_IRQHandler
                0x080010c8                TIM7_IRQHandler
                0x080010c8                SDMMC1_IRQHandler
                0x080010c8                CAN2_TX_IRQHandler
                0x080010c8                TIM5_IRQHandler
                0x080010c8                DMA2_Stream7_IRQHandler
                0x080010c8                I2C3_EV_IRQHandler
                0x080010c8                EXTI9_5_IRQHandler
                0x080010c8                RTC_WKUP_IRQHandler
                0x080010c8                LTDC_IRQHandler
                0x080010c8                ETH_WKUP_IRQHandler
                0x080010c8                SPDIF_RX_IRQHandler
                0x080010c8                SPI2_IRQHandler
                0x080010c8                OTG_HS_EP1_IN_IRQHandler
                0x080010c8                DMA1_Stream0_IRQHandler
                0x080010c8                CAN1_TX_IRQHandler
                0x080010c8                EXTI4_IRQHandler
                0x080010c8                RNG_IRQHandler
                0x080010c8                ETH_IRQHandler
                0x080010c8                OTG_HS_EP1_OUT_IRQHandler
                0x080010c8                WWDG_IRQHandler
                0x080010c8                SPI6_IRQHandler
                0x080010c8                MDIOS_IRQHandler
                0x080010c8                I2C4_EV_IRQHandler
                0x080010c8                CAN3_TX_IRQHandler
                0x080010c8                TIM2_IRQHandler
                0x080010c8                OTG_FS_WKUP_IRQHandler
                0x080010c8                TIM1_TRG_COM_TIM11_IRQHandler
                0x080010c8                OTG_HS_IRQHandler
                0x080010c8                DMA2D_IRQHandler
                0x080010c8                EXTI1_IRQHandler
                0x080010c8                SDMMC2_IRQHandler
                0x080010c8                UART7_IRQHandler
                0x080010c8                USART2_IRQHandler
                0x080010c8                DFSDM1_FLT0_IRQHandler
                0x080010c8                I2C2_ER_IRQHandler
                0x080010c8                DMA2_Stream1_IRQHandler
                0x080010c8                CAN1_SCE_IRQHandler
                0x080010c8                FLASH_IRQHandler
                0x080010c8                DMA2_Stream4_IRQHandler
                0x080010c8                USART1_IRQHandler
                0x080010c8                OTG_FS_IRQHandler
                0x080010c8                SPI3_IRQHandler
                0x080010c8                DMA1_Stream4_IRQHandler
                0x080010c8                I2C1_ER_IRQHandler
                0x080010c8                FMC_IRQHandler
                0x080010c8                LPTIM1_IRQHandler
                0x080010c8                I2C4_ER_IRQHandler
                0x080010c8                DMA2_Stream6_IRQHandler
                0x080010c8                SAI1_IRQHandler
                0x080010c8                DMA1_Stream3_IRQHandler
 .text.HAL_Init
                0x080010ca       0x1a ./Drivers/STM32F7xx_HAL_Driver/Src/stm32f7xx_hal.o
                0x080010ca                HAL_Init
 .text.HAL_IncTick
                0x080010e4       0x28 ./Drivers/STM32F7xx_HAL_Driver/Src/stm32f7xx_hal.o
                0x080010e4                HAL_IncTick
 .text.HAL_GetTick
                0x0800110c       0x18 ./Drivers/STM32F7xx_HAL_Driver/Src/stm32f7xx_hal.o
                0x0800110c                HAL_GetTick
 .text.HAL_Delay
                0x08001124       0x48 ./Drivers/STM32F7xx_HAL_Driver/Src/stm32f7xx_hal.o
                0x08001124                HAL_Delay
 .text.__NVIC_SetPriorityGrouping
                0x0800116c       0x48 ./Drivers/STM32F7xx_HAL_Driver/Src/stm32f7xx_hal_cortex.o
 .text.__NVIC_GetPriorityGrouping
                0x080011b4       0x1c ./Drivers/STM32F7xx_HAL_Driver/Src/stm32f7xx_hal_cortex.o
 .text.__NVIC_EnableIRQ
                0x080011d0       0x3c ./Drivers/STM32F7xx_HAL_Driver/Src/stm32f7xx_hal_cortex.o
 .text.__NVIC_SetPriority
                0x0800120c       0x54 ./Drivers/STM32F7xx_HAL_Driver/Src/stm32f7xx_hal_cortex.o
 .text.NVIC_EncodePriority
                0x08001260       0x66 ./Drivers/STM32F7xx_HAL_Driver/Src/stm32f7xx_hal_cortex.o
 .text.HAL_NVIC_SetPriorityGrouping
                0x080012c6       0x16 ./Drivers/STM32F7xx_HAL_Driver/Src/stm32f7xx_hal_cortex.o
                0x080012c6                HAL_NVIC_SetPriorityGrouping
 .text.HAL_NVIC_SetPriority
                0x080012dc       0x38 ./Drivers/STM32F7xx_HAL_Driver/Src/stm32f7xx_hal_cortex.o
                0x080012dc                HAL_NVIC_SetPriority
 .text.HAL_NVIC_EnableIRQ
                0x08001314       0x1c ./Drivers/STM32F7xx_HAL_Driver/Src/stm32f7xx_hal_cortex.o
                0x08001314                HAL_NVIC_EnableIRQ
 .text.HAL_DMA_Abort
                0x08001330       0xe0 ./Drivers/STM32F7xx_HAL_Driver/Src/stm32f7xx_hal_dma.o
                0x08001330                HAL_DMA_Abort
 .text.HAL_DMA_Abort_IT
                0x08001410       0x44 ./Drivers/STM32F7xx_HAL_Driver/Src/stm32f7xx_hal_dma.o
                0x08001410                HAL_DMA_Abort_IT
 .text.HAL_ETH_Init
                0x08001454      0x134 ./Drivers/STM32F7xx_HAL_Driver/Src/stm32f7xx_hal_eth.o
                0x08001454                HAL_ETH_Init
 .text.ETH_SetMACConfig
                0x08001588      0x168 ./Drivers/STM32F7xx_HAL_Driver/Src/stm32f7xx_hal_eth.o
 .text.ETH_SetDMAConfig
                0x080016f0      0x114 ./Drivers/STM32F7xx_HAL_Driver/Src/stm32f7xx_hal_eth.o
 .text.ETH_MACDMAConfig
                0x08001804       0xea ./Drivers/STM32F7xx_HAL_Driver/Src/stm32f7xx_hal_eth.o
 *fill*         0x080018ee        0x2 
 .text.ETH_MACAddressConfig
                0x080018f0       0x70 ./Drivers/STM32F7xx_HAL_Driver/Src/stm32f7xx_hal_eth.o
 .text.ETH_DMATxDescListInit
                0x08001960       0xb2 ./Drivers/STM32F7xx_HAL_Driver/Src/stm32f7xx_hal_eth.o
 .text.ETH_DMARxDescListInit
                0x08001a12       0xde ./Drivers/STM32F7xx_HAL_Driver/Src/stm32f7xx_hal_eth.o
 .text.HAL_GPIO_Init
                0x08001af0      0x358 ./Drivers/STM32F7xx_HAL_Driver/Src/stm32f7xx_hal_gpio.o
                0x08001af0                HAL_GPIO_Init
 .text.HAL_GPIO_WritePin
                0x08001e48       0x32 ./Drivers/STM32F7xx_HAL_Driver/Src/stm32f7xx_hal_gpio.o
                0x08001e48                HAL_GPIO_WritePin
 .text.HAL_PCD_Init
                0x08001e7a      0x22c ./Drivers/STM32F7xx_HAL_Driver/Src/stm32f7xx_hal_pcd.o
                0x08001e7a                HAL_PCD_Init
 *fill*         0x080020a6        0x2 
 .text.HAL_PCDEx_ActivateLPM
                0x080020a8       0x48 ./Drivers/STM32F7xx_HAL_Driver/Src/stm32f7xx_hal_pcd_ex.o
                0x080020a8                HAL_PCDEx_ActivateLPM
 .text.HAL_PWR_EnableBkUpAccess
                0x080020f0       0x20 ./Drivers/STM32F7xx_HAL_Driver/Src/stm32f7xx_hal_pwr.o
                0x080020f0                HAL_PWR_EnableBkUpAccess
 .text.HAL_PWREx_EnableOverDrive
                0x08002110       0xa0 ./Drivers/STM32F7xx_HAL_Driver/Src/stm32f7xx_hal_pwr_ex.o
                0x08002110                HAL_PWREx_EnableOverDrive
 .text.HAL_RCC_OscConfig
                0x080021b0      0x55c ./Drivers/STM32F7xx_HAL_Driver/Src/stm32f7xx_hal_rcc.o
                0x080021b0                HAL_RCC_OscConfig
 .text.HAL_RCC_ClockConfig
                0x0800270c      0x1d8 ./Drivers/STM32F7xx_HAL_Driver/Src/stm32f7xx_hal_rcc.o
                0x0800270c                HAL_RCC_ClockConfig
 .text.HAL_RCC_GetSysClockFreq
                0x080028e4      0x20c ./Drivers/STM32F7xx_HAL_Driver/Src/stm32f7xx_hal_rcc.o
                0x080028e4                HAL_RCC_GetSysClockFreq
 .text.HAL_RCC_GetHCLKFreq
                0x08002af0       0x18 ./Drivers/STM32F7xx_HAL_Driver/Src/stm32f7xx_hal_rcc.o
                0x08002af0                HAL_RCC_GetHCLKFreq
 .text.HAL_RCC_GetPCLK1Freq
                0x08002b08       0x28 ./Drivers/STM32F7xx_HAL_Driver/Src/stm32f7xx_hal_rcc.o
                0x08002b08                HAL_RCC_GetPCLK1Freq
 .text.HAL_RCC_GetPCLK2Freq
                0x08002b30       0x28 ./Drivers/STM32F7xx_HAL_Driver/Src/stm32f7xx_hal_rcc.o
                0x08002b30                HAL_RCC_GetPCLK2Freq
 .text.HAL_RCC_GetClockConfig
                0x08002b58       0x64 ./Drivers/STM32F7xx_HAL_Driver/Src/stm32f7xx_hal_rcc.o
                0x08002b58                HAL_RCC_GetClockConfig
 .text.HAL_RCCEx_PeriphCLKConfig
                0x08002bbc      0x850 ./Drivers/STM32F7xx_HAL_Driver/Src/stm32f7xx_hal_rcc_ex.o
                0x08002bbc                HAL_RCCEx_PeriphCLKConfig
 .text.HAL_TIM_Base_Init
                0x0800340c       0xae ./Drivers/STM32F7xx_HAL_Driver/Src/stm32f7xx_hal_tim.o
                0x0800340c                HAL_TIM_Base_Init
 .text.HAL_TIM_Base_MspInit
                0x080034ba       0x14 ./Drivers/STM32F7xx_HAL_Driver/Src/stm32f7xx_hal_tim.o
                0x080034ba                HAL_TIM_Base_MspInit
 *fill*         0x080034ce        0x2 
 .text.HAL_TIM_Base_Start_IT
                0x080034d0       0xf0 ./Drivers/STM32F7xx_HAL_Driver/Src/stm32f7xx_hal_tim.o
                0x080034d0                HAL_TIM_Base_Start_IT
 .text.HAL_TIM_IRQHandler
                0x080035c0      0x20e ./Drivers/STM32F7xx_HAL_Driver/Src/stm32f7xx_hal_tim.o
                0x080035c0                HAL_TIM_IRQHandler
 .text.HAL_TIM_OC_DelayElapsedCallback
                0x080037ce       0x14 ./Drivers/STM32F7xx_HAL_Driver/Src/stm32f7xx_hal_tim.o
                0x080037ce                HAL_TIM_OC_DelayElapsedCallback
 .text.HAL_TIM_IC_CaptureCallback
                0x080037e2       0x14 ./Drivers/STM32F7xx_HAL_Driver/Src/stm32f7xx_hal_tim.o
                0x080037e2                HAL_TIM_IC_CaptureCallback
 .text.HAL_TIM_PWM_PulseFinishedCallback
                0x080037f6       0x14 ./Drivers/STM32F7xx_HAL_Driver/Src/stm32f7xx_hal_tim.o
                0x080037f6                HAL_TIM_PWM_PulseFinishedCallback
 .text.HAL_TIM_TriggerCallback
                0x0800380a       0x14 ./Drivers/STM32F7xx_HAL_Driver/Src/stm32f7xx_hal_tim.o
                0x0800380a                HAL_TIM_TriggerCallback
 *fill*         0x0800381e        0x2 
 .text.TIM_Base_SetConfig
                0x08003820      0x158 ./Drivers/STM32F7xx_HAL_Driver/Src/stm32f7xx_hal_tim.o
                0x08003820                TIM_Base_SetConfig
 .text.HAL_TIMEx_CommutCallback
                0x08003978       0x14 ./Drivers/STM32F7xx_HAL_Driver/Src/stm32f7xx_hal_tim_ex.o
                0x08003978                HAL_TIMEx_CommutCallback
 .text.HAL_TIMEx_BreakCallback
                0x0800398c       0x14 ./Drivers/STM32F7xx_HAL_Driver/Src/stm32f7xx_hal_tim_ex.o
                0x0800398c                HAL_TIMEx_BreakCallback
 .text.HAL_TIMEx_Break2Callback
                0x080039a0       0x14 ./Drivers/STM32F7xx_HAL_Driver/Src/stm32f7xx_hal_tim_ex.o
                0x080039a0                HAL_TIMEx_Break2Callback
 .text.HAL_UART_Init
                0x080039b4       0x9c ./Drivers/STM32F7xx_HAL_Driver/Src/stm32f7xx_hal_uart.o
                0x080039b4                HAL_UART_Init
 .text.HAL_UART_Transmit_IT
                0x08003a50       0xbc ./Drivers/STM32F7xx_HAL_Driver/Src/stm32f7xx_hal_uart.o
                0x08003a50                HAL_UART_Transmit_IT
 .text.HAL_UART_Receive_IT
                0x08003b0c       0x88 ./Drivers/STM32F7xx_HAL_Driver/Src/stm32f7xx_hal_uart.o
                0x08003b0c                HAL_UART_Receive_IT
 .text.HAL_UART_IRQHandler
                0x08003b94      0x5d0 ./Drivers/STM32F7xx_HAL_Driver/Src/stm32f7xx_hal_uart.o
                0x08003b94                HAL_UART_IRQHandler
 .text.HAL_UART_TxCpltCallback
                0x08004164       0x14 ./Drivers/STM32F7xx_HAL_Driver/Src/stm32f7xx_hal_uart.o
                0x08004164                HAL_UART_TxCpltCallback
 .text.HAL_UART_ErrorCallback
                0x08004178       0x14 ./Drivers/STM32F7xx_HAL_Driver/Src/stm32f7xx_hal_uart.o
                0x08004178                HAL_UART_ErrorCallback
 .text.HAL_UARTEx_RxEventCallback
                0x0800418c       0x18 ./Drivers/STM32F7xx_HAL_Driver/Src/stm32f7xx_hal_uart.o
                0x0800418c                HAL_UARTEx_RxEventCallback
 .text.HAL_UARTEx_WakeupCallback
                0x080041a4       0x14 ./Drivers/STM32F7xx_HAL_Driver/Src/stm32f7xx_hal_uart.o
                0x080041a4                HAL_UARTEx_WakeupCallback
 .text.UART_SetConfig
                0x080041b8      0x4c8 ./Drivers/STM32F7xx_HAL_Driver/Src/stm32f7xx_hal_uart.o
                0x080041b8                UART_SetConfig
 .text.UART_AdvFeatureConfig
                0x08004680      0x144 ./Drivers/STM32F7xx_HAL_Driver/Src/stm32f7xx_hal_uart.o
                0x08004680                UART_AdvFeatureConfig
 .text.UART_CheckIdleState
                0x080047c4      0x150 ./Drivers/STM32F7xx_HAL_Driver/Src/stm32f7xx_hal_uart.o
                0x080047c4                UART_CheckIdleState
 .text.UART_WaitOnFlagUntilTimeout
                0x08004914       0xda ./Drivers/STM32F7xx_HAL_Driver/Src/stm32f7xx_hal_uart.o
                0x08004914                UART_WaitOnFlagUntilTimeout
 *fill*         0x080049ee        0x2 
 .text.UART_Start_Receive_IT
                0x080049f0      0x18c ./Drivers/STM32F7xx_HAL_Driver/Src/stm32f7xx_hal_uart.o
                0x080049f0                UART_Start_Receive_IT
 .text.UART_EndRxTransfer
                0x08004b7c       0xc8 ./Drivers/STM32F7xx_HAL_Driver/Src/stm32f7xx_hal_uart.o
 .text.UART_DMAAbortOnError
                0x08004c44       0x2c ./Drivers/STM32F7xx_HAL_Driver/Src/stm32f7xx_hal_uart.o
 .text.UART_TxISR_8BIT
                0x08004c70       0xb6 ./Drivers/STM32F7xx_HAL_Driver/Src/stm32f7xx_hal_uart.o
 .text.UART_TxISR_16BIT
                0x08004d26       0xc0 ./Drivers/STM32F7xx_HAL_Driver/Src/stm32f7xx_hal_uart.o
 .text.UART_EndTransmit_IT
                0x08004de6       0x54 ./Drivers/STM32F7xx_HAL_Driver/Src/stm32f7xx_hal_uart.o
 .text.UART_RxISR_8BIT
                0x08004e3a      0x1a8 ./Drivers/STM32F7xx_HAL_Driver/Src/stm32f7xx_hal_uart.o
 .text.UART_RxISR_16BIT
                0x08004fe2      0x1a8 ./Drivers/STM32F7xx_HAL_Driver/Src/stm32f7xx_hal_uart.o
 *fill*         0x0800518a        0x2 
 .text.USB_CoreInit
                0x0800518c       0xb4 ./Drivers/STM32F7xx_HAL_Driver/Src/stm32f7xx_ll_usb.o
                0x0800518c                USB_CoreInit
 .text.USB_DisableGlobalInt
                0x08005240       0x22 ./Drivers/STM32F7xx_HAL_Driver/Src/stm32f7xx_ll_usb.o
                0x08005240                USB_DisableGlobalInt
 .text.USB_SetCurrentMode
                0x08005262       0x98 ./Drivers/STM32F7xx_HAL_Driver/Src/stm32f7xx_ll_usb.o
                0x08005262                USB_SetCurrentMode
 *fill*         0x080052fa        0x2 
 .text.USB_DevInit
                0x080052fc      0x2bc ./Drivers/STM32F7xx_HAL_Driver/Src/stm32f7xx_ll_usb.o
                0x080052fc                USB_DevInit
 .text.USB_FlushTxFifo
                0x080055b8       0x64 ./Drivers/STM32F7xx_HAL_Driver/Src/stm32f7xx_ll_usb.o
                0x080055b8                USB_FlushTxFifo
 .text.USB_FlushRxFifo
                0x0800561c       0x5c ./Drivers/STM32F7xx_HAL_Driver/Src/stm32f7xx_ll_usb.o
                0x0800561c                USB_FlushRxFifo
 .text.USB_SetDevSpeed
                0x08005678       0x32 ./Drivers/STM32F7xx_HAL_Driver/Src/stm32f7xx_ll_usb.o
                0x08005678                USB_SetDevSpeed
 .text.USB_DevDisconnect
                0x080056aa       0x42 ./Drivers/STM32F7xx_HAL_Driver/Src/stm32f7xx_ll_usb.o
                0x080056aa                USB_DevDisconnect
 .text.USB_GetMode
                0x080056ec       0x1c ./Drivers/STM32F7xx_HAL_Driver/Src/stm32f7xx_ll_usb.o
                0x080056ec                USB_GetMode
 .text.USB_CoreReset
                0x08005708       0x62 ./Drivers/STM32F7xx_HAL_Driver/Src/stm32f7xx_ll_usb.o
 .text.memset   0x0800576a       0x10 D:/my_programm/STM/STM32CubeIDE_1.17.0/STM32CubeIDE/plugins/com.st.stm32cube.ide.mcu.externaltools.gnu-tools-for-stm32.13.3.rel1.win32_1.0.0.202411081344/tools/bin/../lib/gcc/arm-none-eabi/13.3.1/../../../../arm-none-eabi/lib/thumb/v7e-m+dp/hard\libc_nano.a(libc_a-memset.o)
                0x0800576a                memset
 *fill*         0x0800577a        0x2 
 .text.__libc_init_array
                0x0800577c       0x48 D:/my_programm/STM/STM32CubeIDE_1.17.0/STM32CubeIDE/plugins/com.st.stm32cube.ide.mcu.externaltools.gnu-tools-for-stm32.13.3.rel1.win32_1.0.0.202411081344/tools/bin/../lib/gcc/arm-none-eabi/13.3.1/../../../../arm-none-eabi/lib/thumb/v7e-m+dp/hard\libc_nano.a(libc_a-init.o)
                0x0800577c                __libc_init_array
 *(.glue_7)
 .glue_7        0x080057c4        0x0 linker stubs
 *(.glue_7t)
 .glue_7t       0x080057c4        0x0 linker stubs
 *(.eh_frame)
 .eh_frame      0x080057c4        0x0 D:/my_programm/STM/STM32CubeIDE_1.17.0/STM32CubeIDE/plugins/com.st.stm32cube.ide.mcu.externaltools.gnu-tools-for-stm32.13.3.rel1.win32_1.0.0.202411081344/tools/bin/../lib/gcc/arm-none-eabi/13.3.1/thumb/v7e-m+dp/hard/crtbegin.o
 *(.init)
 .init          0x080057c4        0x4 D:/my_programm/STM/STM32CubeIDE_1.17.0/STM32CubeIDE/plugins/com.st.stm32cube.ide.mcu.externaltools.gnu-tools-for-stm32.13.3.rel1.win32_1.0.0.202411081344/tools/bin/../lib/gcc/arm-none-eabi/13.3.1/thumb/v7e-m+dp/hard/crti.o
                0x080057c4                _init
 .init          0x080057c8        0x8 D:/my_programm/STM/STM32CubeIDE_1.17.0/STM32CubeIDE/plugins/com.st.stm32cube.ide.mcu.externaltools.gnu-tools-for-stm32.13.3.rel1.win32_1.0.0.202411081344/tools/bin/../lib/gcc/arm-none-eabi/13.3.1/thumb/v7e-m+dp/hard/crtn.o
 *(.fini)
 .fini          0x080057d0        0x4 D:/my_programm/STM/STM32CubeIDE_1.17.0/STM32CubeIDE/plugins/com.st.stm32cube.ide.mcu.externaltools.gnu-tools-for-stm32.13.3.rel1.win32_1.0.0.202411081344/tools/bin/../lib/gcc/arm-none-eabi/13.3.1/thumb/v7e-m+dp/hard/crti.o
                0x080057d0                _fini
 .fini          0x080057d4        0x8 D:/my_programm/STM/STM32CubeIDE_1.17.0/STM32CubeIDE/plugins/com.st.stm32cube.ide.mcu.externaltools.gnu-tools-for-stm32.13.3.rel1.win32_1.0.0.202411081344/tools/bin/../lib/gcc/arm-none-eabi/13.3.1/thumb/v7e-m+dp/hard/crtn.o
                0x080057dc                        . = ALIGN (0x4)
                0x080057dc                        _etext = .

.vfp11_veneer   0x080057dc        0x0
 .vfp11_veneer  0x080057dc        0x0 linker stubs

.v4_bx          0x080057dc        0x0
 .v4_bx         0x080057dc        0x0 linker stubs

.iplt           0x080057dc        0x0
 .iplt          0x080057dc        0x0 D:/my_programm/STM/STM32CubeIDE_1.17.0/STM32CubeIDE/plugins/com.st.stm32cube.ide.mcu.externaltools.gnu-tools-for-stm32.13.3.rel1.win32_1.0.0.202411081344/tools/bin/../lib/gcc/arm-none-eabi/13.3.1/thumb/v7e-m+dp/hard/crtbegin.o

.rodata         0x080057dc       0x3c
                0x080057dc                        . = ALIGN (0x4)
 *(.rodata)
 .rodata        0x080057dc       0x21 ./Core/Src/main.o
 *(.rodata*)
 *fill*         0x080057fd        0x3 
 .rodata.AHBPrescTable
                0x08005800       0x10 ./Core/Src/system_stm32f7xx.o
                0x08005800                AHBPrescTable
 .rodata.APBPrescTable
                0x08005810        0x8 ./Core/Src/system_stm32f7xx.o
                0x08005810                APBPrescTable
                0x08005818                        . = ALIGN (0x4)

.ARM.extab      0x08005818        0x0
                0x08005818                        . = ALIGN (0x4)
 *(.ARM.extab* .gnu.linkonce.armextab.*)
                0x08005818                        . = ALIGN (0x4)

.ARM            0x08005818        0x8
                0x08005818                        . = ALIGN (0x4)
                0x08005818                        __exidx_start = .
 *(.ARM.exidx*)
 .ARM.exidx     0x08005818        0x8 D:/my_programm/STM/STM32CubeIDE_1.17.0/STM32CubeIDE/plugins/com.st.stm32cube.ide.mcu.externaltools.gnu-tools-for-stm32.13.3.rel1.win32_1.0.0.202411081344/tools/bin/../lib/gcc/arm-none-eabi/13.3.1/../../../../arm-none-eabi/lib/thumb/v7e-m+dp/hard\libc_nano.a(libc_a-strlen.o)
 .ARM.exidx     0x08005820        0x0 D:/my_programm/STM/STM32CubeIDE_1.17.0/STM32CubeIDE/plugins/com.st.stm32cube.ide.mcu.externaltools.gnu-tools-for-stm32.13.3.rel1.win32_1.0.0.202411081344/tools/bin/../lib/gcc/arm-none-eabi/13.3.1/thumb/v7e-m+dp/hard\libgcc.a(_udivmoddi4.o)
                                  0x8 (size before relaxing)
                0x08005820                        __exidx_end = .
                0x08005820                        . = ALIGN (0x4)

.preinit_array  0x08005820        0x0
                0x08005820                        . = ALIGN (0x4)
                0x08005820                        PROVIDE (__preinit_array_start = .)
 *(.preinit_array*)
                0x08005820                        PROVIDE (__preinit_array_end = .)
                0x08005820                        . = ALIGN (0x4)

.init_array     0x08005820        0x4
                0x08005820                        . = ALIGN (0x4)
                0x08005820                        PROVIDE (__init_array_start = .)
 *(SORT_BY_NAME(.init_array.*))
 *(.init_array*)
 .init_array    0x08005820        0x4 D:/my_programm/STM/STM32CubeIDE_1.17.0/STM32CubeIDE/plugins/com.st.stm32cube.ide.mcu.externaltools.gnu-tools-for-stm32.13.3.rel1.win32_1.0.0.202411081344/tools/bin/../lib/gcc/arm-none-eabi/13.3.1/thumb/v7e-m+dp/hard/crtbegin.o
                0x08005824                        PROVIDE (__init_array_end = .)
                0x08005824                        . = ALIGN (0x4)

.fini_array     0x08005824        0x4
                0x08005824                        . = ALIGN (0x4)
                [!provide]                        PROVIDE (__fini_array_start = .)
 *(SORT_BY_NAME(.fini_array.*))
 *(.fini_array*)
 .fini_array    0x08005824        0x4 D:/my_programm/STM/STM32CubeIDE_1.17.0/STM32CubeIDE/plugins/com.st.stm32cube.ide.mcu.externaltools.gnu-tools-for-stm32.13.3.rel1.win32_1.0.0.202411081344/tools/bin/../lib/gcc/arm-none-eabi/13.3.1/thumb/v7e-m+dp/hard/crtbegin.o
                [!provide]                        PROVIDE (__fini_array_end = .)
                0x08005828                        . = ALIGN (0x4)
                0x08005828                        _sidata = LOADADDR (.data)

.rel.dyn        0x08005828        0x0
 .rel.iplt      0x08005828        0x0 D:/my_programm/STM/STM32CubeIDE_1.17.0/STM32CubeIDE/plugins/com.st.stm32cube.ide.mcu.externaltools.gnu-tools-for-stm32.13.3.rel1.win32_1.0.0.202411081344/tools/bin/../lib/gcc/arm-none-eabi/13.3.1/thumb/v7e-m+dp/hard/crtbegin.o

.data           0x20000000       0x14 load address 0x08005828
                0x20000000                        . = ALIGN (0x4)
                0x20000000                        _sdata = .
 *(.data)
 *(.data*)
 .data.msgERR   0x20000000        0x4 ./Core/Src/main.o
                0x20000000                msgERR
 .data.msgOK    0x20000004        0x4 ./Core/Src/main.o
                0x20000004                msgOK
 .data.SystemCoreClock
                0x20000008        0x4 ./Core/Src/system_stm32f7xx.o
                0x20000008                SystemCoreClock
 .data.uwTickPrio
                0x2000000c        0x4 ./Drivers/STM32F7xx_HAL_Driver/Src/stm32f7xx_hal.o
                0x2000000c                uwTickPrio
 .data.uwTickFreq
                0x20000010        0x1 ./Drivers/STM32F7xx_HAL_Driver/Src/stm32f7xx_hal.o
                0x20000010                uwTickFreq
 *(.RamFunc)
 *(.RamFunc*)
                0x20000014                        . = ALIGN (0x4)
 *fill*         0x20000011        0x3 
                0x20000014                        _edata = .

.igot.plt       0x20000014        0x0 load address 0x0800583c
 .igot.plt      0x20000014        0x0 D:/my_programm/STM/STM32CubeIDE_1.17.0/STM32CubeIDE/plugins/com.st.stm32cube.ide.mcu.externaltools.gnu-tools-for-stm32.13.3.rel1.win32_1.0.0.202411081344/tools/bin/../lib/gcc/arm-none-eabi/13.3.1/thumb/v7e-m+dp/hard/crtbegin.o

.RxDecripSection
                0x20000014       0xa0 load address 0x0800583c
 .RxDecripSection
                0x20000014       0xa0 ./Core/Src/eth.o
                0x20000014                DMARxDscrTab

.TxDecripSection
                0x200000b4       0xa0 load address 0x080058dc
 .TxDecripSection
                0x200000b4       0xa0 ./Core/Src/eth.o
                0x200000b4                DMATxDscrTab
                0x20000154                        . = ALIGN (0x4)

.bss            0x20000154      0x6e4 load address 0x0800597c
                0x20000154                        _sbss = .
                0x20000154                        __bss_start__ = _sbss
 *(.bss)
 .bss           0x20000154       0x1c D:/my_programm/STM/STM32CubeIDE_1.17.0/STM32CubeIDE/plugins/com.st.stm32cube.ide.mcu.externaltools.gnu-tools-for-stm32.13.3.rel1.win32_1.0.0.202411081344/tools/bin/../lib/gcc/arm-none-eabi/13.3.1/thumb/v7e-m+dp/hard/crtbegin.o
 *(.bss*)
 .bss.TxConfig  0x20000170       0x38 ./Core/Src/eth.o
                0x20000170                TxConfig
 .bss.heth      0x200001a8       0xb0 ./Core/Src/eth.o
                0x200001a8                heth
 .bss.MACAddr.0
                0x20000258        0x6 ./Core/Src/eth.o
 .bss.rxPos     0x2000025e        0x1 ./Core/Src/main.o
                0x2000025e                rxPos
 *fill*         0x2000025f        0x1 
 .bss.rxBuf     0x20000260       0x1e ./Core/Src/main.o
                0x20000260                rxBuf
 *fill*         0x2000027e        0x2 
 .bss.htim6     0x20000280       0x4c ./Core/Src/stm32f7xx_hal_timebase_tim.o
                0x20000280                htim6
 .bss.huart3    0x200002cc       0x88 ./Core/Src/usart.o
                0x200002cc                huart3
 .bss.hpcd_USB_OTG_FS
                0x20000354      0x4e0 ./Core/Src/usb_otg.o
                0x20000354                hpcd_USB_OTG_FS
 .bss.uwTick    0x20000834        0x4 ./Drivers/STM32F7xx_HAL_Driver/Src/stm32f7xx_hal.o
                0x20000834                uwTick
 *(COMMON)
                0x20000838                        . = ALIGN (0x4)
                0x20000838                        _ebss = .
                0x20000838                        __bss_end__ = _ebss

._user_heap_stack
                0x20000838      0x800 load address 0x0800597c
                0x20000838                        . = ALIGN (0x8)
                [!provide]                        PROVIDE (end = .)
                0x20000838                        PROVIDE (_end = .)
                0x20000c38                        . = (. + _Min_Heap_Size)
 *fill*         0x20000838      0x400 
                0x20001038                        . = (. + _Min_Stack_Size)
 *fill*         0x20000c38      0x400 
                0x20001038                        . = ALIGN (0x8)

/DISCARD/
 libc.a(*)
 libm.a(*)
 libgcc.a(*)

.ARM.attributes
                0x00000000       0x2e
 *(.ARM.attributes)
 .ARM.attributes
                0x00000000       0x20 D:/my_programm/STM/STM32CubeIDE_1.17.0/STM32CubeIDE/plugins/com.st.stm32cube.ide.mcu.externaltools.gnu-tools-for-stm32.13.3.rel1.win32_1.0.0.202411081344/tools/bin/../lib/gcc/arm-none-eabi/13.3.1/thumb/v7e-m+dp/hard/crti.o
 .ARM.attributes
                0x00000020       0x32 D:/my_programm/STM/STM32CubeIDE_1.17.0/STM32CubeIDE/plugins/com.st.stm32cube.ide.mcu.externaltools.gnu-tools-for-stm32.13.3.rel1.win32_1.0.0.202411081344/tools/bin/../lib/gcc/arm-none-eabi/13.3.1/thumb/v7e-m+dp/hard/crtbegin.o
 .ARM.attributes
                0x00000052       0x32 ./Core/Src/eth.o
 .ARM.attributes
                0x00000084       0x32 ./Core/Src/gpio.o
 .ARM.attributes
                0x000000b6       0x32 ./Core/Src/main.o
 .ARM.attributes
                0x000000e8       0x32 ./Core/Src/stm32f7xx_hal_msp.o
 .ARM.attributes
                0x0000011a       0x32 ./Core/Src/stm32f7xx_hal_timebase_tim.o
 .ARM.attributes
                0x0000014c       0x32 ./Core/Src/stm32f7xx_it.o
 .ARM.attributes
                0x0000017e       0x32 ./Core/Src/system_stm32f7xx.o
 .ARM.attributes
                0x000001b0       0x32 ./Core/Src/usart.o
 .ARM.attributes
                0x000001e2       0x32 ./Core/Src/usb_otg.o
 .ARM.attributes
                0x00000214       0x21 ./Core/Startup/startup_stm32f767zitx.o
 .ARM.attributes
                0x00000235       0x32 ./Drivers/STM32F7xx_HAL_Driver/Src/stm32f7xx_hal.o
 .ARM.attributes
                0x00000267       0x32 ./Drivers/STM32F7xx_HAL_Driver/Src/stm32f7xx_hal_cortex.o
 .ARM.attributes
                0x00000299       0x32 ./Drivers/STM32F7xx_HAL_Driver/Src/stm32f7xx_hal_dma.o
 .ARM.attributes
                0x000002cb       0x32 ./Drivers/STM32F7xx_HAL_Driver/Src/stm32f7xx_hal_eth.o
 .ARM.attributes
                0x000002fd       0x32 ./Drivers/STM32F7xx_HAL_Driver/Src/stm32f7xx_hal_gpio.o
 .ARM.attributes
                0x0000032f       0x32 ./Drivers/STM32F7xx_HAL_Driver/Src/stm32f7xx_hal_pcd.o
 .ARM.attributes
                0x00000361       0x32 ./Drivers/STM32F7xx_HAL_Driver/Src/stm32f7xx_hal_pcd_ex.o
 .ARM.attributes
                0x00000393       0x32 ./Drivers/STM32F7xx_HAL_Driver/Src/stm32f7xx_hal_pwr.o
 .ARM.attributes
                0x000003c5       0x32 ./Drivers/STM32F7xx_HAL_Driver/Src/stm32f7xx_hal_pwr_ex.o
 .ARM.attributes
                0x000003f7       0x32 ./Drivers/STM32F7xx_HAL_Driver/Src/stm32f7xx_hal_rcc.o
 .ARM.attributes
                0x00000429       0x32 ./Drivers/STM32F7xx_HAL_Driver/Src/stm32f7xx_hal_rcc_ex.o
 .ARM.attributes
                0x0000045b       0x32 ./Drivers/STM32F7xx_HAL_Driver/Src/stm32f7xx_hal_tim.o
 .ARM.attributes
                0x0000048d       0x32 ./Drivers/STM32F7xx_HAL_Driver/Src/stm32f7xx_hal_tim_ex.o
 .ARM.attributes
                0x000004bf       0x32 ./Drivers/STM32F7xx_HAL_Driver/Src/stm32f7xx_hal_uart.o
 .ARM.attributes
                0x000004f1       0x32 ./Drivers/STM32F7xx_HAL_Driver/Src/stm32f7xx_ll_usb.o
 .ARM.attributes
                0x00000523       0x32 D:/my_programm/STM/STM32CubeIDE_1.17.0/STM32CubeIDE/plugins/com.st.stm32cube.ide.mcu.externaltools.gnu-tools-for-stm32.13.3.rel1.win32_1.0.0.202411081344/tools/bin/../lib/gcc/arm-none-eabi/13.3.1/../../../../arm-none-eabi/lib/thumb/v7e-m+dp/hard\libc_nano.a(libc_a-memset.o)
 .ARM.attributes
                0x00000555       0x32 D:/my_programm/STM/STM32CubeIDE_1.17.0/STM32CubeIDE/plugins/com.st.stm32cube.ide.mcu.externaltools.gnu-tools-for-stm32.13.3.rel1.win32_1.0.0.202411081344/tools/bin/../lib/gcc/arm-none-eabi/13.3.1/../../../../arm-none-eabi/lib/thumb/v7e-m+dp/hard\libc_nano.a(libc_a-init.o)
 .ARM.attributes
                0x00000587       0x17 D:/my_programm/STM/STM32CubeIDE_1.17.0/STM32CubeIDE/plugins/com.st.stm32cube.ide.mcu.externaltools.gnu-tools-for-stm32.13.3.rel1.win32_1.0.0.202411081344/tools/bin/../lib/gcc/arm-none-eabi/13.3.1/../../../../arm-none-eabi/lib/thumb/v7e-m+dp/hard\libc_nano.a(libc_a-strlen.o)
 .ARM.attributes
                0x0000059e       0x20 D:/my_programm/STM/STM32CubeIDE_1.17.0/STM32CubeIDE/plugins/com.st.stm32cube.ide.mcu.externaltools.gnu-tools-for-stm32.13.3.rel1.win32_1.0.0.202411081344/tools/bin/../lib/gcc/arm-none-eabi/13.3.1/thumb/v7e-m+dp/hard\libgcc.a(_aeabi_uldivmod.o)
 .ARM.attributes
                0x000005be       0x32 D:/my_programm/STM/STM32CubeIDE_1.17.0/STM32CubeIDE/plugins/com.st.stm32cube.ide.mcu.externaltools.gnu-tools-for-stm32.13.3.rel1.win32_1.0.0.202411081344/tools/bin/../lib/gcc/arm-none-eabi/13.3.1/thumb/v7e-m+dp/hard\libgcc.a(_udivmoddi4.o)
 .ARM.attributes
                0x000005f0       0x20 D:/my_programm/STM/STM32CubeIDE_1.17.0/STM32CubeIDE/plugins/com.st.stm32cube.ide.mcu.externaltools.gnu-tools-for-stm32.13.3.rel1.win32_1.0.0.202411081344/tools/bin/../lib/gcc/arm-none-eabi/13.3.1/thumb/v7e-m+dp/hard\libgcc.a(_dvmd_tls.o)
 .ARM.attributes
                0x00000610       0x20 D:/my_programm/STM/STM32CubeIDE_1.17.0/STM32CubeIDE/plugins/com.st.stm32cube.ide.mcu.externaltools.gnu-tools-for-stm32.13.3.rel1.win32_1.0.0.202411081344/tools/bin/../lib/gcc/arm-none-eabi/13.3.1/thumb/v7e-m+dp/hard/crtn.o
OUTPUT(Home1_UART.elf elf32-littlearm)
LOAD linker stubs
LOAD D:/my_programm/STM/STM32CubeIDE_1.17.0/STM32CubeIDE/plugins/com.st.stm32cube.ide.mcu.externaltools.gnu-tools-for-stm32.13.3.rel1.win32_1.0.0.202411081344/tools/bin/../lib/gcc/arm-none-eabi/13.3.1/../../../../arm-none-eabi/lib/thumb/v7e-m+dp/hard\libc.a
LOAD D:/my_programm/STM/STM32CubeIDE_1.17.0/STM32CubeIDE/plugins/com.st.stm32cube.ide.mcu.externaltools.gnu-tools-for-stm32.13.3.rel1.win32_1.0.0.202411081344/tools/bin/../lib/gcc/arm-none-eabi/13.3.1/../../../../arm-none-eabi/lib/thumb/v7e-m+dp/hard\libm.a
LOAD D:/my_programm/STM/STM32CubeIDE_1.17.0/STM32CubeIDE/plugins/com.st.stm32cube.ide.mcu.externaltools.gnu-tools-for-stm32.13.3.rel1.win32_1.0.0.202411081344/tools/bin/../lib/gcc/arm-none-eabi/13.3.1/thumb/v7e-m+dp/hard\libgcc.a

.debug_info     0x00000000    0x1831e
 .debug_info    0x00000000      0xf78 ./Core/Src/eth.o
 .debug_info    0x00000f78      0x465 ./Core/Src/gpio.o
 .debug_info    0x000013dd     0x10f7 ./Core/Src/main.o
 .debug_info    0x000024d4      0x28d ./Core/Src/stm32f7xx_hal_msp.o
 .debug_info    0x00002761      0xd1d ./Core/Src/stm32f7xx_hal_timebase_tim.o
 .debug_info    0x0000347e      0xacb ./Core/Src/stm32f7xx_it.o
 .debug_info    0x00003f49      0x6ed ./Core/Src/system_stm32f7xx.o
 .debug_info    0x00004636      0xf92 ./Core/Src/usart.o
 .debug_info    0x000055c8      0xc1d ./Core/Src/usb_otg.o
 .debug_info    0x000061e5       0x30 ./Core/Startup/startup_stm32f767zitx.o
 .debug_info    0x00006215      0xa4c ./Drivers/STM32F7xx_HAL_Driver/Src/stm32f7xx_hal.o
 .debug_info    0x00006c61      0xfc0 ./Drivers/STM32F7xx_HAL_Driver/Src/stm32f7xx_hal_cortex.o
 .debug_info    0x00007c21      0x8e7 ./Drivers/STM32F7xx_HAL_Driver/Src/stm32f7xx_hal_dma.o
 .debug_info    0x00008508     0x218c ./Drivers/STM32F7xx_HAL_Driver/Src/stm32f7xx_hal_eth.o
 .debug_info    0x0000a694      0x6f3 ./Drivers/STM32F7xx_HAL_Driver/Src/stm32f7xx_hal_gpio.o
 .debug_info    0x0000ad87     0x1599 ./Drivers/STM32F7xx_HAL_Driver/Src/stm32f7xx_hal_pcd.o
 .debug_info    0x0000c320      0x7a3 ./Drivers/STM32F7xx_HAL_Driver/Src/stm32f7xx_hal_pcd_ex.o
 .debug_info    0x0000cac3      0x90e ./Drivers/STM32F7xx_HAL_Driver/Src/stm32f7xx_hal_pwr.o
 .debug_info    0x0000d3d1      0x8cd ./Drivers/STM32F7xx_HAL_Driver/Src/stm32f7xx_hal_pwr_ex.o
 .debug_info    0x0000dc9e      0x937 ./Drivers/STM32F7xx_HAL_Driver/Src/stm32f7xx_hal_rcc.o
 .debug_info    0x0000e5d5      0x6e1 ./Drivers/STM32F7xx_HAL_Driver/Src/stm32f7xx_hal_rcc_ex.o
 .debug_info    0x0000ecb6     0x2ad5 ./Drivers/STM32F7xx_HAL_Driver/Src/stm32f7xx_hal_tim.o
 .debug_info    0x0001178b     0x16bb ./Drivers/STM32F7xx_HAL_Driver/Src/stm32f7xx_hal_tim_ex.o
 .debug_info    0x00012e46     0x3adc ./Drivers/STM32F7xx_HAL_Driver/Src/stm32f7xx_hal_uart.o
 .debug_info    0x00016922     0x19fc ./Drivers/STM32F7xx_HAL_Driver/Src/stm32f7xx_ll_usb.o

.debug_abbrev   0x00000000     0x348c
 .debug_abbrev  0x00000000      0x249 ./Core/Src/eth.o
 .debug_abbrev  0x00000249      0x152 ./Core/Src/gpio.o
 .debug_abbrev  0x0000039b      0x2c5 ./Core/Src/main.o
 .debug_abbrev  0x00000660       0xd8 ./Core/Src/stm32f7xx_hal_msp.o
 .debug_abbrev  0x00000738      0x1f4 ./Core/Src/stm32f7xx_hal_timebase_tim.o
 .debug_abbrev  0x0000092c      0x189 ./Core/Src/stm32f7xx_it.o
 .debug_abbrev  0x00000ab5      0x13b ./Core/Src/system_stm32f7xx.o
 .debug_abbrev  0x00000bf0      0x218 ./Core/Src/usart.o
 .debug_abbrev  0x00000e08      0x230 ./Core/Src/usb_otg.o
 .debug_abbrev  0x00001038       0x24 ./Core/Startup/startup_stm32f767zitx.o
 .debug_abbrev  0x0000105c      0x213 ./Drivers/STM32F7xx_HAL_Driver/Src/stm32f7xx_hal.o
 .debug_abbrev  0x0000126f      0x31e ./Drivers/STM32F7xx_HAL_Driver/Src/stm32f7xx_hal_cortex.o
 .debug_abbrev  0x0000158d      0x264 ./Drivers/STM32F7xx_HAL_Driver/Src/stm32f7xx_hal_dma.o
 .debug_abbrev  0x000017f1      0x35a ./Drivers/STM32F7xx_HAL_Driver/Src/stm32f7xx_hal_eth.o
 .debug_abbrev  0x00001b4b      0x1d4 ./Drivers/STM32F7xx_HAL_Driver/Src/stm32f7xx_hal_gpio.o
 .debug_abbrev  0x00001d1f      0x2ee ./Drivers/STM32F7xx_HAL_Driver/Src/stm32f7xx_hal_pcd.o
 .debug_abbrev  0x0000200d      0x1ca ./Drivers/STM32F7xx_HAL_Driver/Src/stm32f7xx_hal_pcd_ex.o
 .debug_abbrev  0x000021d7      0x1c5 ./Drivers/STM32F7xx_HAL_Driver/Src/stm32f7xx_hal_pwr.o
 .debug_abbrev  0x0000239c      0x1d5 ./Drivers/STM32F7xx_HAL_Driver/Src/stm32f7xx_hal_pwr_ex.o
 .debug_abbrev  0x00002571      0x2de ./Drivers/STM32F7xx_HAL_Driver/Src/stm32f7xx_hal_rcc.o
 .debug_abbrev  0x0000284f      0x1c9 ./Drivers/STM32F7xx_HAL_Driver/Src/stm32f7xx_hal_rcc_ex.o
 .debug_abbrev  0x00002a18      0x278 ./Drivers/STM32F7xx_HAL_Driver/Src/stm32f7xx_hal_tim.o
 .debug_abbrev  0x00002c90      0x283 ./Drivers/STM32F7xx_HAL_Driver/Src/stm32f7xx_hal_tim_ex.o
 .debug_abbrev  0x00002f13      0x2e6 ./Drivers/STM32F7xx_HAL_Driver/Src/stm32f7xx_hal_uart.o
 .debug_abbrev  0x000031f9      0x293 ./Drivers/STM32F7xx_HAL_Driver/Src/stm32f7xx_ll_usb.o

.debug_aranges  0x00000000     0x13c0
 .debug_aranges
                0x00000000       0x30 ./Core/Src/eth.o
 .debug_aranges
                0x00000030       0x20 ./Core/Src/gpio.o
 .debug_aranges
                0x00000050       0x48 ./Core/Src/main.o
 .debug_aranges
                0x00000098       0x20 ./Core/Src/stm32f7xx_hal_msp.o
 .debug_aranges
                0x000000b8       0x30 ./Core/Src/stm32f7xx_hal_timebase_tim.o
 .debug_aranges
                0x000000e8       0x70 ./Core/Src/stm32f7xx_it.o
 .debug_aranges
                0x00000158       0x28 ./Core/Src/system_stm32f7xx.o
 .debug_aranges
                0x00000180       0x30 ./Core/Src/usart.o
 .debug_aranges
                0x000001b0       0x30 ./Core/Src/usb_otg.o
 .debug_aranges
                0x000001e0       0x28 ./Core/Startup/startup_stm32f767zitx.o
 .debug_aranges
                0x00000208      0x110 ./Drivers/STM32F7xx_HAL_Driver/Src/stm32f7xx_hal.o
 .debug_aranges
                0x00000318      0x128 ./Drivers/STM32F7xx_HAL_Driver/Src/stm32f7xx_hal_cortex.o
 .debug_aranges
                0x00000440       0x90 ./Drivers/STM32F7xx_HAL_Driver/Src/stm32f7xx_hal_dma.o
 .debug_aranges
                0x000004d0      0x1e0 ./Drivers/STM32F7xx_HAL_Driver/Src/stm32f7xx_hal_eth.o
 .debug_aranges
                0x000006b0       0x58 ./Drivers/STM32F7xx_HAL_Driver/Src/stm32f7xx_hal_gpio.o
 .debug_aranges
                0x00000708      0x148 ./Drivers/STM32F7xx_HAL_Driver/Src/stm32f7xx_hal_pcd.o
 .debug_aranges
                0x00000850       0x48 ./Drivers/STM32F7xx_HAL_Driver/Src/stm32f7xx_hal_pcd_ex.o
 .debug_aranges
                0x00000898       0xa0 ./Drivers/STM32F7xx_HAL_Driver/Src/stm32f7xx_hal_pwr.o
 .debug_aranges
                0x00000938       0x80 ./Drivers/STM32F7xx_HAL_Driver/Src/stm32f7xx_hal_pwr_ex.o
 .debug_aranges
                0x000009b8       0x88 ./Drivers/STM32F7xx_HAL_Driver/Src/stm32f7xx_hal_rcc.o
 .debug_aranges
                0x00000a40       0x50 ./Drivers/STM32F7xx_HAL_Driver/Src/stm32f7xx_hal_rcc_ex.o
 .debug_aranges
                0x00000a90      0x3e0 ./Drivers/STM32F7xx_HAL_Driver/Src/stm32f7xx_hal_tim.o
 .debug_aranges
                0x00000e70      0x180 ./Drivers/STM32F7xx_HAL_Driver/Src/stm32f7xx_hal_tim_ex.o
 .debug_aranges
                0x00000ff0      0x230 ./Drivers/STM32F7xx_HAL_Driver/Src/stm32f7xx_hal_uart.o
 .debug_aranges
                0x00001220      0x1a0 ./Drivers/STM32F7xx_HAL_Driver/Src/stm32f7xx_ll_usb.o

.debug_rnglists
                0x00000000      0xf53
 .debug_rnglists
                0x00000000       0x21 ./Core/Src/eth.o
 .debug_rnglists
                0x00000021       0x14 ./Core/Src/gpio.o
 .debug_rnglists
                0x00000035       0x33 ./Core/Src/main.o
 .debug_rnglists
                0x00000068       0x13 ./Core/Src/stm32f7xx_hal_msp.o
 .debug_rnglists
                0x0000007b       0x20 ./Core/Src/stm32f7xx_hal_timebase_tim.o
 .debug_rnglists
                0x0000009b       0x4f ./Core/Src/stm32f7xx_it.o
 .debug_rnglists
                0x000000ea       0x1a ./Core/Src/system_stm32f7xx.o
 .debug_rnglists
                0x00000104       0x20 ./Core/Src/usart.o
 .debug_rnglists
                0x00000124       0x20 ./Core/Src/usb_otg.o
 .debug_rnglists
                0x00000144       0x19 ./Core/Startup/startup_stm32f767zitx.o
 .debug_rnglists
                0x0000015d       0xc7 ./Drivers/STM32F7xx_HAL_Driver/Src/stm32f7xx_hal.o
 .debug_rnglists
                0x00000224       0xda ./Drivers/STM32F7xx_HAL_Driver/Src/stm32f7xx_hal_cortex.o
 .debug_rnglists
                0x000002fe       0x70 ./Drivers/STM32F7xx_HAL_Driver/Src/stm32f7xx_hal_dma.o
 .debug_rnglists
                0x0000036e      0x17d ./Drivers/STM32F7xx_HAL_Driver/Src/stm32f7xx_hal_eth.o
 .debug_rnglists
                0x000004eb       0x3f ./Drivers/STM32F7xx_HAL_Driver/Src/stm32f7xx_hal_gpio.o
 .debug_rnglists
                0x0000052a       0xfa ./Drivers/STM32F7xx_HAL_Driver/Src/stm32f7xx_hal_pcd.o
 .debug_rnglists
                0x00000624       0x32 ./Drivers/STM32F7xx_HAL_Driver/Src/stm32f7xx_hal_pcd_ex.o
 .debug_rnglists
                0x00000656       0x74 ./Drivers/STM32F7xx_HAL_Driver/Src/stm32f7xx_hal_pwr.o
 .debug_rnglists
                0x000006ca       0x5f ./Drivers/STM32F7xx_HAL_Driver/Src/stm32f7xx_hal_pwr_ex.o
 .debug_rnglists
                0x00000729       0x67 ./Drivers/STM32F7xx_HAL_Driver/Src/stm32f7xx_hal_rcc.o
 .debug_rnglists
                0x00000790       0x3c ./Drivers/STM32F7xx_HAL_Driver/Src/stm32f7xx_hal_rcc_ex.o
 .debug_rnglists
                0x000007cc      0x328 ./Drivers/STM32F7xx_HAL_Driver/Src/stm32f7xx_hal_tim.o
 .debug_rnglists
                0x00000af4      0x138 ./Drivers/STM32F7xx_HAL_Driver/Src/stm32f7xx_hal_tim_ex.o
 .debug_rnglists
                0x00000c2c      0x1e0 ./Drivers/STM32F7xx_HAL_Driver/Src/stm32f7xx_hal_uart.o
 .debug_rnglists
                0x00000e0c      0x147 ./Drivers/STM32F7xx_HAL_Driver/Src/stm32f7xx_ll_usb.o

.debug_macro    0x00000000    0x2a347
 .debug_macro   0x00000000      0x2f8 ./Core/Src/eth.o
 .debug_macro   0x000002f8      0xaf0 ./Core/Src/eth.o
 .debug_macro   0x00000de8      0x29f ./Core/Src/eth.o
 .debug_macro   0x00001087       0x2e ./Core/Src/eth.o
 .debug_macro   0x000010b5       0x3b ./Core/Src/eth.o
 .debug_macro   0x000010f0       0x22 ./Core/Src/eth.o
 .debug_macro   0x00001112       0x8e ./Core/Src/eth.o
 .debug_macro   0x000011a0       0x51 ./Core/Src/eth.o
 .debug_macro   0x000011f1      0x103 ./Core/Src/eth.o
 .debug_macro   0x000012f4       0x6a ./Core/Src/eth.o
 .debug_macro   0x0000135e      0x1df ./Core/Src/eth.o
 .debug_macro   0x0000153d       0x1c ./Core/Src/eth.o
 .debug_macro   0x00001559       0x22 ./Core/Src/eth.o
 .debug_macro   0x0000157b       0xd9 ./Core/Src/eth.o
 .debug_macro   0x00001654     0x12cd ./Core/Src/eth.o
 .debug_macro   0x00002921      0x11f ./Core/Src/eth.o
 .debug_macro   0x00002a40       0x19 ./Core/Src/eth.o
 .debug_macro   0x00002a59    0x1aa23 ./Core/Src/eth.o
 .debug_macro   0x0001d47c       0x6d ./Core/Src/eth.o
 .debug_macro   0x0001d4e9     0x3765 ./Core/Src/eth.o
 .debug_macro   0x00020c4e      0x190 ./Core/Src/eth.o
 .debug_macro   0x00020dde       0x63 ./Core/Src/eth.o
 .debug_macro   0x00020e41     0x1add ./Core/Src/eth.o
 .debug_macro   0x0002291e      0x6c4 ./Core/Src/eth.o
 .debug_macro   0x00022fe2      0x18b ./Core/Src/eth.o
 .debug_macro   0x0002316d      0x115 ./Core/Src/eth.o
 .debug_macro   0x00023282      0x26e ./Core/Src/eth.o
 .debug_macro   0x000234f0       0xa5 ./Core/Src/eth.o
 .debug_macro   0x00023595      0x24f ./Core/Src/eth.o
 .debug_macro   0x000237e4       0x71 ./Core/Src/eth.o
 .debug_macro   0x00023855       0x58 ./Core/Src/eth.o
 .debug_macro   0x000238ad      0x236 ./Core/Src/eth.o
 .debug_macro   0x00023ae3      0xb99 ./Core/Src/eth.o
 .debug_macro   0x0002467c      0x14e ./Core/Src/eth.o
 .debug_macro   0x000247ca      0x3db ./Core/Src/eth.o
 .debug_macro   0x00024ba5       0x12 ./Core/Src/eth.o
 .debug_macro   0x00024bb7      0x22c ./Core/Src/eth.o
 .debug_macro   0x00024de3       0x61 ./Core/Src/eth.o
 .debug_macro   0x00024e44       0xa5 ./Core/Src/eth.o
 .debug_macro   0x00024ee9      0x12e ./Core/Src/eth.o
 .debug_macro   0x00025017      0x108 ./Core/Src/eth.o
 .debug_macro   0x0002511f       0x35 ./Core/Src/eth.o
 .debug_macro   0x00025154      0xa91 ./Core/Src/eth.o
 .debug_macro   0x00025be5       0xa9 ./Core/Src/eth.o
 .debug_macro   0x00025c8e      0x5ba ./Core/Src/eth.o
 .debug_macro   0x00026248       0x44 ./Core/Src/eth.o
 .debug_macro   0x0002628c      0x2cb ./Core/Src/eth.o
 .debug_macro   0x00026557       0xba ./Core/Src/eth.o
 .debug_macro   0x00026611      0x15b ./Core/Src/eth.o
 .debug_macro   0x0002676c      0x13c ./Core/Src/eth.o
 .debug_macro   0x000268a8       0x61 ./Core/Src/eth.o
 .debug_macro   0x00026909       0x29 ./Core/Src/eth.o
 .debug_macro   0x00026932       0x43 ./Core/Src/eth.o
 .debug_macro   0x00026975       0x34 ./Core/Src/eth.o
 .debug_macro   0x000269a9      0x370 ./Core/Src/eth.o
 .debug_macro   0x00026d19       0x16 ./Core/Src/eth.o
 .debug_macro   0x00026d2f       0x4a ./Core/Src/eth.o
 .debug_macro   0x00026d79       0x34 ./Core/Src/eth.o
 .debug_macro   0x00026dad       0x10 ./Core/Src/eth.o
 .debug_macro   0x00026dbd       0x58 ./Core/Src/eth.o
 .debug_macro   0x00026e15       0x8e ./Core/Src/eth.o
 .debug_macro   0x00026ea3       0x1c ./Core/Src/eth.o
 .debug_macro   0x00026ebf      0x185 ./Core/Src/eth.o
 .debug_macro   0x00027044       0x10 ./Core/Src/eth.o
 .debug_macro   0x00027054       0x3c ./Core/Src/eth.o
 .debug_macro   0x00027090       0x20 ./Core/Src/eth.o
 .debug_macro   0x000270b0      0x22a ./Core/Src/gpio.o
 .debug_macro   0x000272da      0x320 ./Core/Src/main.o
 .debug_macro   0x000275fa      0x220 ./Core/Src/stm32f7xx_hal_msp.o
 .debug_macro   0x0002781a      0x211 ./Core/Src/stm32f7xx_hal_timebase_tim.o
 .debug_macro   0x00027a2b      0x22a ./Core/Src/stm32f7xx_it.o
 .debug_macro   0x00027c55      0x211 ./Core/Src/system_stm32f7xx.o
 .debug_macro   0x00027e66      0x22a ./Core/Src/usart.o
 .debug_macro   0x00028090      0x22a ./Core/Src/usb_otg.o
 .debug_macro   0x000282ba      0x235 ./Drivers/STM32F7xx_HAL_Driver/Src/stm32f7xx_hal.o
 .debug_macro   0x000284ef      0x211 ./Drivers/STM32F7xx_HAL_Driver/Src/stm32f7xx_hal_cortex.o
 .debug_macro   0x00028700      0x217 ./Drivers/STM32F7xx_HAL_Driver/Src/stm32f7xx_hal_dma.o
 .debug_macro   0x00028917      0x2eb ./Drivers/STM32F7xx_HAL_Driver/Src/stm32f7xx_hal_eth.o
 .debug_macro   0x00028c02      0x217 ./Drivers/STM32F7xx_HAL_Driver/Src/stm32f7xx_hal_gpio.o
 .debug_macro   0x00028e19      0x21d ./Drivers/STM32F7xx_HAL_Driver/Src/stm32f7xx_hal_pcd.o
 .debug_macro   0x00029036      0x211 ./Drivers/STM32F7xx_HAL_Driver/Src/stm32f7xx_hal_pcd_ex.o
 .debug_macro   0x00029247      0x22f ./Drivers/STM32F7xx_HAL_Driver/Src/stm32f7xx_hal_pwr.o
 .debug_macro   0x00029476      0x229 ./Drivers/STM32F7xx_HAL_Driver/Src/stm32f7xx_hal_pwr_ex.o
 .debug_macro   0x0002969f      0x235 ./Drivers/STM32F7xx_HAL_Driver/Src/stm32f7xx_hal_rcc.o
 .debug_macro   0x000298d4      0x211 ./Drivers/STM32F7xx_HAL_Driver/Src/stm32f7xx_hal_rcc_ex.o
 .debug_macro   0x00029ae5      0x212 ./Drivers/STM32F7xx_HAL_Driver/Src/stm32f7xx_hal_tim.o
 .debug_macro   0x00029cf7      0x211 ./Drivers/STM32F7xx_HAL_Driver/Src/stm32f7xx_hal_tim_ex.o
 .debug_macro   0x00029f08      0x22e ./Drivers/STM32F7xx_HAL_Driver/Src/stm32f7xx_hal_uart.o
 .debug_macro   0x0002a136      0x211 ./Drivers/STM32F7xx_HAL_Driver/Src/stm32f7xx_ll_usb.o

.debug_line     0x00000000    0x19956
 .debug_line    0x00000000      0xae2 ./Core/Src/eth.o
 .debug_line    0x00000ae2      0x807 ./Core/Src/gpio.o
 .debug_line    0x000012e9      0xcec ./Core/Src/main.o
 .debug_line    0x00001fd5      0x7d3 ./Core/Src/stm32f7xx_hal_msp.o
 .debug_line    0x000027a8      0x851 ./Core/Src/stm32f7xx_hal_timebase_tim.o
 .debug_line    0x00002ff9      0x8ad ./Core/Src/stm32f7xx_it.o
 .debug_line    0x000038a6      0x856 ./Core/Src/system_stm32f7xx.o
 .debug_line    0x000040fc      0x860 ./Core/Src/usart.o
 .debug_line    0x0000495c      0x86c ./Core/Src/usb_otg.o
 .debug_line    0x000051c8       0x7a ./Core/Startup/startup_stm32f767zitx.o
 .debug_line    0x00005242      0xb2a ./Drivers/STM32F7xx_HAL_Driver/Src/stm32f7xx_hal.o
 .debug_line    0x00005d6c      0xd7a ./Drivers/STM32F7xx_HAL_Driver/Src/stm32f7xx_hal_cortex.o
 .debug_line    0x00006ae6     0x1045 ./Drivers/STM32F7xx_HAL_Driver/Src/stm32f7xx_hal_dma.o
 .debug_line    0x00007b2b     0x1ac2 ./Drivers/STM32F7xx_HAL_Driver/Src/stm32f7xx_hal_eth.o
 .debug_line    0x000095ed      0xc54 ./Drivers/STM32F7xx_HAL_Driver/Src/stm32f7xx_hal_gpio.o
 .debug_line    0x0000a241     0x14c5 ./Drivers/STM32F7xx_HAL_Driver/Src/stm32f7xx_hal_pcd.o
 .debug_line    0x0000b706      0x8e5 ./Drivers/STM32F7xx_HAL_Driver/Src/stm32f7xx_hal_pcd_ex.o
 .debug_line    0x0000bfeb      0x9fa ./Drivers/STM32F7xx_HAL_Driver/Src/stm32f7xx_hal_pwr.o
 .debug_line    0x0000c9e5      0xaca ./Drivers/STM32F7xx_HAL_Driver/Src/stm32f7xx_hal_pwr_ex.o
 .debug_line    0x0000d4af     0x1031 ./Drivers/STM32F7xx_HAL_Driver/Src/stm32f7xx_hal_rcc.o
 .debug_line    0x0000e4e0      0xf7d ./Drivers/STM32F7xx_HAL_Driver/Src/stm32f7xx_hal_rcc_ex.o
 .debug_line    0x0000f45d     0x3d9d ./Drivers/STM32F7xx_HAL_Driver/Src/stm32f7xx_hal_tim.o
 .debug_line    0x000131fa     0x1c00 ./Drivers/STM32F7xx_HAL_Driver/Src/stm32f7xx_hal_tim_ex.o
 .debug_line    0x00014dfa     0x2d9a ./Drivers/STM32F7xx_HAL_Driver/Src/stm32f7xx_hal_uart.o
 .debug_line    0x00017b94     0x1dc2 ./Drivers/STM32F7xx_HAL_Driver/Src/stm32f7xx_ll_usb.o

.debug_str      0x00000000   0x103873
 .debug_str     0x00000000   0x103873 ./Core/Src/eth.o
                              0xfd532 (size before relaxing)
 .debug_str     0x00103873    0xf9c6c ./Core/Src/gpio.o
 .debug_str     0x00103873    0xfd8b7 ./Core/Src/main.o
 .debug_str     0x00103873    0xf9ba1 ./Core/Src/stm32f7xx_hal_msp.o
 .debug_str     0x00103873    0xfa3f3 ./Core/Src/stm32f7xx_hal_timebase_tim.o
 .debug_str     0x00103873    0xfa31e ./Core/Src/stm32f7xx_it.o
 .debug_str     0x00103873    0xf9832 ./Core/Src/system_stm32f7xx.o
 .debug_str     0x00103873    0xfaab0 ./Core/Src/usart.o
 .debug_str     0x00103873    0xfa3ba ./Core/Src/usb_otg.o
 .debug_str     0x00103873       0xd4 ./Core/Startup/startup_stm32f767zitx.o
 .debug_str     0x00103873    0xfa272 ./Drivers/STM32F7xx_HAL_Driver/Src/stm32f7xx_hal.o
 .debug_str     0x00103873    0xfa254 ./Drivers/STM32F7xx_HAL_Driver/Src/stm32f7xx_hal_cortex.o
 .debug_str     0x00103873    0xf9b71 ./Drivers/STM32F7xx_HAL_Driver/Src/stm32f7xx_hal_dma.o
 .debug_str     0x00103873    0xfb053 ./Drivers/STM32F7xx_HAL_Driver/Src/stm32f7xx_hal_eth.o
 .debug_str     0x00103873    0xf98f0 ./Drivers/STM32F7xx_HAL_Driver/Src/stm32f7xx_hal_gpio.o
 .debug_str     0x00103873    0xfa26b ./Drivers/STM32F7xx_HAL_Driver/Src/stm32f7xx_hal_pcd.o
 .debug_str     0x00103873    0xf9b6d ./Drivers/STM32F7xx_HAL_Driver/Src/stm32f7xx_hal_pcd_ex.o
 .debug_str     0x00103873    0xf9ad3 ./Drivers/STM32F7xx_HAL_Driver/Src/stm32f7xx_hal_pwr.o
 .debug_str     0x00103873    0xf9aa1 ./Drivers/STM32F7xx_HAL_Driver/Src/stm32f7xx_hal_pwr_ex.o
 .debug_str     0x00103873    0xf9bad ./Drivers/STM32F7xx_HAL_Driver/Src/stm32f7xx_hal_rcc.o
 .debug_str     0x00103873    0xf9b10 ./Drivers/STM32F7xx_HAL_Driver/Src/stm32f7xx_hal_rcc_ex.o
 .debug_str     0x00103873    0xfab55 ./Drivers/STM32F7xx_HAL_Driver/Src/stm32f7xx_hal_tim.o
 .debug_str     0x00103873    0xfa45b ./Drivers/STM32F7xx_HAL_Driver/Src/stm32f7xx_hal_tim_ex.o
 .debug_str     0x00103873    0xfa4fb ./Drivers/STM32F7xx_HAL_Driver/Src/stm32f7xx_hal_uart.o
 .debug_str     0x00103873    0xfa148 ./Drivers/STM32F7xx_HAL_Driver/Src/stm32f7xx_ll_usb.o

.comment        0x00000000       0x43
 .comment       0x00000000       0x43 ./Core/Src/eth.o
                                 0x44 (size before relaxing)
 .comment       0x00000043       0x44 ./Core/Src/gpio.o
 .comment       0x00000043       0x44 ./Core/Src/main.o
 .comment       0x00000043       0x44 ./Core/Src/stm32f7xx_hal_msp.o
 .comment       0x00000043       0x44 ./Core/Src/stm32f7xx_hal_timebase_tim.o
 .comment       0x00000043       0x44 ./Core/Src/stm32f7xx_it.o
 .comment       0x00000043       0x44 ./Core/Src/system_stm32f7xx.o
 .comment       0x00000043       0x44 ./Core/Src/usart.o
 .comment       0x00000043       0x44 ./Core/Src/usb_otg.o
 .comment       0x00000043       0x44 ./Drivers/STM32F7xx_HAL_Driver/Src/stm32f7xx_hal.o
 .comment       0x00000043       0x44 ./Drivers/STM32F7xx_HAL_Driver/Src/stm32f7xx_hal_cortex.o
 .comment       0x00000043       0x44 ./Drivers/STM32F7xx_HAL_Driver/Src/stm32f7xx_hal_dma.o
 .comment       0x00000043       0x44 ./Drivers/STM32F7xx_HAL_Driver/Src/stm32f7xx_hal_eth.o
 .comment       0x00000043       0x44 ./Drivers/STM32F7xx_HAL_Driver/Src/stm32f7xx_hal_gpio.o
 .comment       0x00000043       0x44 ./Drivers/STM32F7xx_HAL_Driver/Src/stm32f7xx_hal_pcd.o
 .comment       0x00000043       0x44 ./Drivers/STM32F7xx_HAL_Driver/Src/stm32f7xx_hal_pcd_ex.o
 .comment       0x00000043       0x44 ./Drivers/STM32F7xx_HAL_Driver/Src/stm32f7xx_hal_pwr.o
 .comment       0x00000043       0x44 ./Drivers/STM32F7xx_HAL_Driver/Src/stm32f7xx_hal_pwr_ex.o
 .comment       0x00000043       0x44 ./Drivers/STM32F7xx_HAL_Driver/Src/stm32f7xx_hal_rcc.o
 .comment       0x00000043       0x44 ./Drivers/STM32F7xx_HAL_Driver/Src/stm32f7xx_hal_rcc_ex.o
 .comment       0x00000043       0x44 ./Drivers/STM32F7xx_HAL_Driver/Src/stm32f7xx_hal_tim.o
 .comment       0x00000043       0x44 ./Drivers/STM32F7xx_HAL_Driver/Src/stm32f7xx_hal_tim_ex.o
 .comment       0x00000043       0x44 ./Drivers/STM32F7xx_HAL_Driver/Src/stm32f7xx_hal_uart.o
 .comment       0x00000043       0x44 ./Drivers/STM32F7xx_HAL_Driver/Src/stm32f7xx_ll_usb.o

.debug_frame    0x00000000     0x52f4
 .debug_frame   0x00000000       0x74 ./Core/Src/eth.o
 .debug_frame   0x00000074       0x34 ./Core/Src/gpio.o
 .debug_frame   0x000000a8       0xdc ./Core/Src/main.o
 .debug_frame   0x00000184       0x38 ./Core/Src/stm32f7xx_hal_msp.o
 .debug_frame   0x000001bc       0x74 ./Core/Src/stm32f7xx_hal_timebase_tim.o
 .debug_frame   0x00000230      0x140 ./Core/Src/stm32f7xx_it.o
 .debug_frame   0x00000370       0x58 ./Core/Src/system_stm32f7xx.o
 .debug_frame   0x000003c8       0x78 ./Core/Src/usart.o
 .debug_frame   0x00000440       0x78 ./Core/Src/usb_otg.o
 .debug_frame   0x000004b8      0x3f4 ./Drivers/STM32F7xx_HAL_Driver/Src/stm32f7xx_hal.o
 .debug_frame   0x000008ac      0x4e8 ./Drivers/STM32F7xx_HAL_Driver/Src/stm32f7xx_hal_cortex.o
 .debug_frame   0x00000d94      0x250 ./Drivers/STM32F7xx_HAL_Driver/Src/stm32f7xx_hal_dma.o
 .debug_frame   0x00000fe4      0x898 ./Drivers/STM32F7xx_HAL_Driver/Src/stm32f7xx_hal_eth.o
 .debug_frame   0x0000187c      0x14c ./Drivers/STM32F7xx_HAL_Driver/Src/stm32f7xx_hal_gpio.o
 .debug_frame   0x000019c8      0x5b8 ./Drivers/STM32F7xx_HAL_Driver/Src/stm32f7xx_hal_pcd.o
 .debug_frame   0x00001f80      0x100 ./Drivers/STM32F7xx_HAL_Driver/Src/stm32f7xx_hal_pcd_ex.o
 .debug_frame   0x00002080      0x254 ./Drivers/STM32F7xx_HAL_Driver/Src/stm32f7xx_hal_pwr.o
 .debug_frame   0x000022d4      0x1c8 ./Drivers/STM32F7xx_HAL_Driver/Src/stm32f7xx_hal_pwr_ex.o
 .debug_frame   0x0000249c      0x1f8 ./Drivers/STM32F7xx_HAL_Driver/Src/stm32f7xx_hal_rcc.o
 .debug_frame   0x00002694      0x118 ./Drivers/STM32F7xx_HAL_Driver/Src/stm32f7xx_hal_rcc_ex.o
 .debug_frame   0x000027ac     0x121c ./Drivers/STM32F7xx_HAL_Driver/Src/stm32f7xx_hal_tim.o
 .debug_frame   0x000039c8      0x6b0 ./Drivers/STM32F7xx_HAL_Driver/Src/stm32f7xx_hal_tim_ex.o
 .debug_frame   0x00004078      0xa10 ./Drivers/STM32F7xx_HAL_Driver/Src/stm32f7xx_hal_uart.o
 .debug_frame   0x00004a88      0x7c0 ./Drivers/STM32F7xx_HAL_Driver/Src/stm32f7xx_ll_usb.o
 .debug_frame   0x00005248       0x20 D:/my_programm/STM/STM32CubeIDE_1.17.0/STM32CubeIDE/plugins/com.st.stm32cube.ide.mcu.externaltools.gnu-tools-for-stm32.13.3.rel1.win32_1.0.0.202411081344/tools/bin/../lib/gcc/arm-none-eabi/13.3.1/../../../../arm-none-eabi/lib/thumb/v7e-m+dp/hard\libc_nano.a(libc_a-memset.o)
 .debug_frame   0x00005268       0x2c D:/my_programm/STM/STM32CubeIDE_1.17.0/STM32CubeIDE/plugins/com.st.stm32cube.ide.mcu.externaltools.gnu-tools-for-stm32.13.3.rel1.win32_1.0.0.202411081344/tools/bin/../lib/gcc/arm-none-eabi/13.3.1/../../../../arm-none-eabi/lib/thumb/v7e-m+dp/hard\libc_nano.a(libc_a-init.o)
 .debug_frame   0x00005294       0x2c D:/my_programm/STM/STM32CubeIDE_1.17.0/STM32CubeIDE/plugins/com.st.stm32cube.ide.mcu.externaltools.gnu-tools-for-stm32.13.3.rel1.win32_1.0.0.202411081344/tools/bin/../lib/gcc/arm-none-eabi/13.3.1/thumb/v7e-m+dp/hard\libgcc.a(_aeabi_uldivmod.o)
 .debug_frame   0x000052c0       0x34 D:/my_programm/STM/STM32CubeIDE_1.17.0/STM32CubeIDE/plugins/com.st.stm32cube.ide.mcu.externaltools.gnu-tools-for-stm32.13.3.rel1.win32_1.0.0.202411081344/tools/bin/../lib/gcc/arm-none-eabi/13.3.1/thumb/v7e-m+dp/hard\libgcc.a(_udivmoddi4.o)

.debug_line_str
                0x00000000       0xb8
 .debug_line_str
                0x00000000       0xb8 ./Core/Startup/startup_stm32f767zitx.o
